Archive member included to satisfy reference by file (symbol)

/home/evanosky/workspace/kubos-core/bin/native/core.a(kernel_init.o)
                              /home/evanosky/workspace/kubos-core/bin/native/cpu/startup.o (kernel_init)
/home/evanosky/workspace/kubos-core/bin/native/core.a(thread.o)
                              /home/evanosky/workspace/kubos-core/bin/native/core.a(kernel_init.o) (thread_create)
/home/evanosky/workspace/kubos-core/bin/native/core.a(hwtimer.o)
                              /home/evanosky/workspace/kubos-core/bin/native/core.a(kernel_init.o) (hwtimer_init)
/home/evanosky/workspace/kubos-core/bin/native/core.a(lifo.o)
                              /home/evanosky/workspace/kubos-core/bin/native/core.a(hwtimer.o) (lifo_empty)
/home/evanosky/workspace/kubos-core/bin/native/core.a(mutex.o)
                              /home/evanosky/workspace/kubos-core/bin/native/core.a(hwtimer.o) (mutex_lock)
/home/evanosky/workspace/kubos-core/bin/native/core.a(priority_queue.o)
                              /home/evanosky/workspace/kubos-core/bin/native/core.a(mutex.o) (priority_queue_remove_head)
/home/evanosky/workspace/kubos-core/bin/native/core.a(sched.o)
                              /home/evanosky/workspace/kubos-core/bin/native/core.a(thread.o) (sched_num_threads)
/home/evanosky/workspace/kubos-core/bin/native/core.a(atomic.o)
                              /home/evanosky/workspace/kubos-core/bin/native/core.a(mutex.o) (atomic_cas)
/home/evanosky/workspace/kubos-core/bin/native/core.a(bitarithm.o)
                              /home/evanosky/workspace/kubos-core/bin/native/core.a(sched.o) (bitarithm_lsb)
/home/evanosky/workspace/kubos-core/bin/native/core.a(clist.o)
                              /home/evanosky/workspace/kubos-core/bin/native/core.a(sched.o) (clist_add)
/home/evanosky/workspace/kubos-core/bin/native/cpu.a(irq_cpu.o)
                              /home/evanosky/workspace/kubos-core/bin/native/core.a(kernel_init.o) (disableIRQ)
/home/evanosky/workspace/kubos-core/bin/native/cpu.a(lpm_cpu.o)
                              /home/evanosky/workspace/kubos-core/bin/native/core.a(kernel_init.o) (lpm_set)
/home/evanosky/workspace/kubos-core/bin/native/cpu.a(native_cpu.o)
                              /home/evanosky/workspace/kubos-core/bin/native/cpu.a(lpm_cpu.o) (_native_rfds)
/home/evanosky/workspace/kubos-core/bin/native/cpu.a(syscalls.o)
                              /home/evanosky/workspace/kubos-core/bin/native/cpu.a(irq_cpu.o) (real_read)
/home/evanosky/workspace/kubos-core/bin/native/cpu.a(tramp.o)
                              /home/evanosky/workspace/kubos-core/bin/native/cpu.a(irq_cpu.o) (_native_sig_leave_tramp)
/home/evanosky/workspace/kubos-core/bin/native/hwtimer_compat.a(hwtimer_arch.o)
                              /home/evanosky/workspace/kubos-core/bin/native/core.a(hwtimer.o) (hwtimer_arch_init)
/home/evanosky/workspace/kubos-core/bin/native/periph.a(timer.o)
                              /home/evanosky/workspace/kubos-core/bin/native/hwtimer_compat.a(hwtimer_arch.o) (timer_init)
/home/evanosky/workspace/kubos-core/bin/native/vtimer.a(vtimer.o)
                              /home/evanosky/workspace/kubos-core/bin/native/cpu.a(syscalls.o) (vtimer_gettimeofday)
/home/evanosky/workspace/kubos-core/bin/native/native_base.a(native-uart0.o)
                              /home/evanosky/workspace/kubos-core/bin/native/cpu.a(lpm_cpu.o) (_native_handle_uart0_input)
/home/evanosky/workspace/kubos-core/bin/native/native_base.a(board_init.o)
                              /home/evanosky/workspace/kubos-core/bin/native/cpu/startup.o (board_init)
/home/evanosky/workspace/kubos-core/bin/native/native_base.a(native-led.o)
                              /home/evanosky/workspace/kubos-core/bin/native/native_base.a(board_init.o) (_native_LED_GREEN_OFF)
/home/evanosky/workspace/kubos-core/bin/native/kubos-core.a(main.o)
                              /usr/lib/gcc/x86_64-linux-gnu/4.8/../../../../lib32/crt1.o (main)
/home/evanosky/workspace/kubos-core/bin/native/auto_init.a(auto_init.o)
                              /home/evanosky/workspace/kubos-core/bin/native/core.a(kernel_init.o) (auto_init)
/home/evanosky/workspace/kubos-core/bin/native/core.a(msg.o)
                              /home/evanosky/workspace/kubos-core/bin/native/vtimer.a(vtimer.o) (msg_send_int)
/home/evanosky/workspace/kubos-core/bin/native/posix.a(posix_io.o)
                              /home/evanosky/workspace/kubos-core/bin/native/kubos-core.a(main.o) (posix_open)
/home/evanosky/workspace/kubos-core/bin/native/shell.a(shell.o)
                              /home/evanosky/workspace/kubos-core/bin/native/kubos-core.a(main.o) (shell_run)
/home/evanosky/workspace/kubos-core/bin/native/timex.a(timex.o)
                              /home/evanosky/workspace/kubos-core/bin/native/vtimer.a(vtimer.o) (timex_add)
/home/evanosky/workspace/kubos-core/bin/native/uart0.a(uart0.o)
[...]
Memory Configuration

Name             Origin             Length             Attributes
*default*        0x0000000000000000 0xffffffffffffffff

Linker script and memory map

LOAD /usr/lib/gcc/x86_64-linux-gnu/4.8/../../../../lib32/crt1.o
LOAD /usr/lib/gcc/x86_64-linux-gnu/4.8/../../../../lib32/crti.o
LOAD /usr/lib/gcc/x86_64-linux-gnu/4.8/32/crtbegin.o
LOAD /home/evanosky/workspace/kubos-core/bin/native/cpu/startup.o
START GROUP
LOAD /home/evanosky/workspace/kubos-core/bin/native/auto_init.a
LOAD /home/evanosky/workspace/kubos-core/bin/native/core.a
LOAD /home/evanosky/workspace/kubos-core/bin/native/cpu.a
LOAD /home/evanosky/workspace/kubos-core/bin/native/hwtimer_compat.a
LOAD /home/evanosky/workspace/kubos-core/bin/native/periph.a
LOAD /home/evanosky/workspace/kubos-core/bin/native/posix.a
LOAD /home/evanosky/workspace/kubos-core/bin/native/shell.a
LOAD /home/evanosky/workspace/kubos-core/bin/native/sys.a
LOAD /home/evanosky/workspace/kubos-core/bin/native/timex.a
LOAD /home/evanosky/workspace/kubos-core/bin/native/uart0.a
LOAD /home/evanosky/workspace/kubos-core/bin/native/vtimer.a
LOAD /home/evanosky/workspace/kubos-core/bin/native/native_base.a
LOAD /home/evanosky/workspace/kubos-core/bin/native/kubos-core.a
LOAD /usr/lib/gcc/x86_64-linux-gnu/4.8/../../../../lib32/libm.so
END GROUP
LOAD /usr/lib/gcc/x86_64-linux-gnu/4.8/../../../../lib32/libdl.so
LOAD /usr/lib/gcc/x86_64-linux-gnu/4.8/32/libgcc.a
LOAD /usr/lib/gcc/x86_64-linux-gnu/4.8/32/libgcc_s.so
LOAD /usr/lib/gcc/x86_64-linux-gnu/4.8/../../../../lib32/libc.so
START GROUP
LOAD /lib32/libc.so.6
LOAD /usr/lib32/libc_nonshared.a
LOAD /lib32/ld-linux.so.2
END GROUP
LOAD /usr/lib/gcc/x86_64-linux-gnu/4.8/32/libgcc.a
LOAD /usr/lib/gcc/x86_64-linux-gnu/4.8/32/libgcc_s.so
LOAD /usr/lib/gcc/x86_64-linux-gnu/4.8/32/crtend.o
LOAD /usr/lib/gcc/x86_64-linux-gnu/4.8/../../../../lib32/crtn.o
                0x0000000008048000                PROVIDE (__executable_start, 0x8048000)
                0x0000000008048154                . = (0x8048000 + SIZEOF_HEADERS)

.interp         0x0000000008048154       0x13
 *(.interp)
 .interp        0x0000000008048154       0x13 /usr/lib/gcc/x86_64-linux-gnu/4.8/../../../../lib32/crt1.o

.note.ABI-tag   0x0000000008048168       0x20
 .note.ABI-tag  0x0000000008048168       0x20 /usr/lib/gcc/x86_64-linux-gnu/4.8/../../../../lib32/crt1.o

.note.gnu.build-id
                0x0000000008048188       0x24
 *(.note.gnu.build-id)
 .note.gnu.build-id
                0x0000000008048188       0x24 /usr/lib/gcc/x86_64-linux-gnu/4.8/../../../../lib32/crt1.o

.hash
 *(.hash)

.gnu.hash       0x00000000080481ac       0xac
 *(.gnu.hash)
 .gnu.hash      0x00000000080481ac       0xac /usr/lib/gcc/x86_64-linux-gnu/4.8/../../../../lib32/crt1.o

.dynsym         0x0000000008048258      0x310
 *(.dynsym)
 .dynsym        0x0000000008048258      0x310 /usr/lib/gcc/x86_64-linux-gnu/4.8/../../../../lib32/crt1.o

.dynstr         0x0000000008048568      0x1f5
 *(.dynstr)
 .dynstr        0x0000000008048568      0x1f5 /usr/lib/gcc/x86_64-linux-gnu/4.8/../../../../lib32/crt1.o

.gnu.version    0x000000000804875e       0x62
 *(.gnu.version)
 .gnu.version   0x000000000804875e       0x62 /usr/lib/gcc/x86_64-linux-gnu/4.8/../../../../lib32/crt1.o

.gnu.version_d  0x00000000080487c0        0x0
 *(.gnu.version_d)
 .gnu.version_d
                0x0000000000000000        0x0 /usr/lib/gcc/x86_64-linux-gnu/4.8/../../../../lib32/crt1.o

.gnu.version_r  0x00000000080487c0       0x60
 *(.gnu.version_r)
 .gnu.version_r
                0x00000000080487c0       0x60 /usr/lib/gcc/x86_64-linux-gnu/4.8/../../../../lib32/crt1.o

.rel.dyn        0x0000000008048820        0x8
 *(.rel.init)
 *(.rel.text .rel.text.* .rel.gnu.linkonce.t.*)
 .rel.text      0x0000000000000000        0x0 /usr/lib/gcc/x86_64-linux-gnu/4.8/../../../../lib32/crt1.o
 .rel.text._native_null_in
                0x0000000000000000        0x0 /usr/lib/gcc/x86_64-linux-gnu/4.8/../../../../lib32/crt1.o
 .rel.text._native_log_stdout
                0x0000000000000000        0x0 /usr/lib/gcc/x86_64-linux-gnu/4.8/../../../../lib32/crt1.o
 .rel.text._native_log_stderr
                0x0000000000000000        0x0 /usr/lib/gcc/x86_64-linux-gnu/4.8/../../../../lib32/crt1.o
 .rel.text.daemonize
                0x0000000000000000        0x0 /usr/lib/gcc/x86_64-linux-gnu/4.8/../../../../lib32/crt1.o
 .rel.text.filter_daemonize_argv
                0x0000000000000000        0x0 /usr/lib/gcc/x86_64-linux-gnu/4.8/../../../../lib32/crt1.o
 .rel.text.usage_exit
                0x0000000000000000        0x0 /usr/lib/gcc/x86_64-linux-gnu/4.8/../../../../lib32/crt1.o
 .rel.text.startup
                0x0000000000000000        0x0 /usr/lib/gcc/x86_64-linux-gnu/4.8/../../../../lib32/crt1.o
 .rel.text.main_trampoline
                0x0000000000000000        0x0 /usr/lib/gcc/x86_64-linux-gnu/4.8/../../../../lib32/crt1.o
 .rel.text.idle_thread
                0x0000000000000000        0x0 /usr/lib/gcc/x86_64-linux-gnu/4.8/../../../../lib32/crt1.o
 .rel.text.kernel_init
                0x0000000000000000        0x0 /usr/lib/gcc/x86_64-linux-gnu/4.8/../../../../lib32/crt1.o
 .rel.text.thread_get
                0x0000000000000000        0x0 /usr/lib/gcc/x86_64-linux-gnu/4.8/../../../../lib32/crt1.o
 .rel.text.thread_sleep
                0x0000000000000000        0x0 /usr/lib/gcc/x86_64-linux-gnu/4.8/../../../../lib32/crt1.o
 .rel.text.thread_wakeup
                0x0000000000000000        0x0 /usr/lib/gcc/x86_64-linux-gnu/4.8/../../../../lib32/crt1.o
 .rel.text.thread_yield
                0x0000000000000000        0x0 /usr/lib/gcc/x86_64-linux-gnu/4.8/../../../../lib32/crt1.o
 .rel.text.thread_create
                0x0000000000000000        0x0 /usr/lib/gcc/x86_64-linux-gnu/4.8/../../../../lib32/crt1.o
 .rel.text.multiplexer
                0x0000000000000000        0x0 /usr/lib/gcc/x86_64-linux-gnu/4.8/../../../../lib32/crt1.o
 .rel.text.hwtimer_releasemutex
                0x0000000000000000        0x0 /usr/lib/gcc/x86_64-linux-gnu/4.8/../../../../lib32/crt1.o
 .rel.text.hwtimer_spin
                0x0000000000000000        0x0 /usr/lib/gcc/x86_64-linux-gnu/4.8/../../../../lib32/crt1.o
 .rel.text.hwtimer_init_comp
                0x0000000000000000        0x0 /usr/lib/gcc/x86_64-linux-gnu/4.8/../../../../lib32/crt1.o
 .rel.text.hwtimer_active
                0x0000000000000000        0x0 /usr/lib/gcc/x86_64-linux-gnu/4.8/../../../../lib32/crt1.o
 .rel.text.hwtimer_now
                0x0000000000000000        0x0 /usr/lib/gcc/x86_64-linux-gnu/4.8/../../../../lib32/crt1.o
 .rel.text.hwtimer_wait
                0x0000000000000000        0x0 /usr/lib/gcc/x86_64-linux-gnu/4.8/../../../../lib32/crt1.o
 .rel.text._hwtimer_set
                0x0000000000000000        0x0 /usr/lib/gcc/x86_64-linux-gnu/4.8/../../../../lib32/crt1.o
 .rel.text.hwtimer_remove
                0x0000000000000000        0x0 /usr/lib/gcc/x86_64-linux-gnu/4.8/../../../../lib32/crt1.o
 .rel.text.atomic_set_to_one
                0x0000000000000000        0x0 /usr/lib/gcc/x86_64-linux-gnu/4.8/../../../../lib32/crt1.o
 .rel.text.mutex_wait
                0x0000000000000000        0x0 /usr/lib/gcc/x86_64-linux-gnu/4.8/../../../../lib32/crt1.o
 .rel.text.mutex_unlock
                0x0000000000000000        0x0 /usr/lib/gcc/x86_64-linux-gnu/4.8/../../../../lib32/crt1.o
 .rel.text.mutex_unlock_and_sleep
                0x0000000000000000        0x0 /usr/lib/gcc/x86_64-linux-gnu/4.8/../../../../lib32/crt1.o
 .rel.text.sched_run
                0x0000000000000000        0x0 /usr/lib/gcc/x86_64-linux-gnu/4.8/../../../../lib32/crt1.o
 .rel.text.sched_set_status
                0x0000000000000000        0x0 /usr/lib/gcc/x86_64-linux-gnu/4.8/../../../../lib32/crt1.o
 .rel.text.sched_switch
                0x0000000000000000        0x0 /usr/lib/gcc/x86_64-linux-gnu/4.8/../../../../lib32/crt1.o
 .rel.text.sched_task_exit
                0x0000000000000000        0x0 /usr/lib/gcc/x86_64-linux-gnu/4.8/../../../../lib32/crt1.o
 .rel.text.atomic_cas
                0x0000000000000000        0x0 /usr/lib/gcc/x86_64-linux-gnu/4.8/../../../../lib32/crt1.o
 .rel.text.print_thread_sigmask
                0x0000000000000000        0x0 /usr/lib/gcc/x86_64-linux-gnu/4.8/../../../../lib32/crt1.o
 .rel.text.native_print_signals
                0x0000000000000000        0x0 /usr/lib/gcc/x86_64-linux-gnu/4.8/../../../../lib32/crt1.o
 .rel.text.disableIRQ
                0x0000000000000000        0x0 /usr/lib/gcc/x86_64-linux-gnu/4.8/../../../../lib32/crt1.o
 .rel.text.enableIRQ
                0x0000000000000000        0x0 /usr/lib/gcc/x86_64-linux-gnu/4.8/../../../../lib32/crt1.o
 .rel.text._native_popsig
                0x0000000000000000        0x0 /usr/lib/gcc/x86_64-linux-gnu/4.8/../../../../lib32/crt1.o
 .rel.text.native_irq_handler
                0x0000000000000000        0x0 /usr/lib/gcc/x86_64-linux-gnu/4.8/../../../../lib32/crt1.o
 .rel.text.native_isr_entry
                0x0000000000000000        0x0 /usr/lib/gcc/x86_64-linux-gnu/4.8/../../../../lib32/crt1.o
 .rel.text.set_signal_handler
                0x0000000000000000        0x0 /usr/lib/gcc/x86_64-linux-gnu/4.8/../../../../lib32/crt1.o
 .rel.text.native_shutdown
                0x0000000000000000        0x0 /usr/lib/gcc/x86_64-linux-gnu/4.8/../../../../lib32/crt1.o
 .rel.text.native_interrupt_init
                0x0000000000000000        0x0 /usr/lib/gcc/x86_64-linux-gnu/4.8/../../../../lib32/crt1.o
 .rel.text._native_lpm_sleep
                0x0000000000000000        0x0 /usr/lib/gcc/x86_64-linux-gnu/4.8/../../../../lib32/crt1.o
 .rel.text.lpm_set
                0x0000000000000000        0x0 /usr/lib/gcc/x86_64-linux-gnu/4.8/../../../../lib32/crt1.o
 .rel.text.reboot_arch
                0x0000000000000000        0x0 /usr/lib/gcc/x86_64-linux-gnu/4.8/../../../../lib32/crt1.o
 .rel.text.thread_stack_init
                0x0000000000000000        0x0 /usr/lib/gcc/x86_64-linux-gnu/4.8/../../../../lib32/crt1.o
 .rel.text.isr_cpu_switch_context_exit
                0x0000000000000000        0x0 /usr/lib/gcc/x86_64-linux-gnu/4.8/../../../../lib32/crt1.o
 .rel.text.cpu_switch_context_exit
                0x0000000000000000        0x0 /usr/lib/gcc/x86_64-linux-gnu/4.8/../../../../lib32/crt1.o
 .rel.text.isr_thread_yield
                0x0000000000000000        0x0 /usr/lib/gcc/x86_64-linux-gnu/4.8/../../../../lib32/crt1.o
 .rel.text.thread_yield_higher
                0x0000000000000000        0x0 /usr/lib/gcc/x86_64-linux-gnu/4.8/../../../../lib32/crt1.o
 .rel.text.native_cpu_init
                0x0000000000000000        0x0 /usr/lib/gcc/x86_64-linux-gnu/4.8/../../../../lib32/crt1.o
 .rel.text._native_syscall_leave
                0x0000000000000000        0x0 /usr/lib/gcc/x86_64-linux-gnu/4.8/../../../../lib32/crt1.o
 .rel.text.calloc
                0x0000000000000000        0x0 /usr/lib/gcc/x86_64-linux-gnu/4.8/../../../../lib32/crt1.o
 .rel.text.puts
                0x0000000000000000        0x0 /usr/lib/gcc/x86_64-linux-gnu/4.8/../../../../lib32/crt1.o
 .rel.text.make_message
                0x0000000000000000        0x0 /usr/lib/gcc/x86_64-linux-gnu/4.8/../../../../lib32/crt1.o
 .rel.text.printf
                0x0000000000000000        0x0 /usr/lib/gcc/x86_64-linux-gnu/4.8/../../../../lib32/crt1.o
 .rel.text.vprintf
                0x0000000000000000        0x0 /usr/lib/gcc/x86_64-linux-gnu/4.8/../../../../lib32/crt1.o
 .rel.text.vwarn
                0x0000000000000000        0x0 /usr/lib/gcc/x86_64-linux-gnu/4.8/../../../../lib32/crt1.o
 .rel.text.vwarnx
                0x0000000000000000        0x0 /usr/lib/gcc/x86_64-linux-gnu/4.8/../../../../lib32/crt1.o
 .rel.text._gettimeofday
                0x0000000000000000        0x0 /usr/lib/gcc/x86_64-linux-gnu/4.8/../../../../lib32/crt1.o
 .rel.text._native_init_syscalls
                0x0000000000000000        0x0 /usr/lib/gcc/x86_64-linux-gnu/4.8/../../../../lib32/crt1.o
 .rel.text.hwtimer_arch_init
                0x0000000000000000        0x0 /usr/lib/gcc/x86_64-linux-gnu/4.8/../../../../lib32/crt1.o
 .rel.text.hwtimer_arch_enable_interrupt
                0x0000000000000000        0x0 /usr/lib/gcc/x86_64-linux-gnu/4.8/../../../../lib32/crt1.o
 .rel.text.hwtimer_arch_disable_interrupt
                0x0000000000000000        0x0 /usr/lib/gcc/x86_64-linux-gnu/4.8/../../../../lib32/crt1.o
 .rel.text.hwtimer_arch_set
                0x0000000000000000        0x0 /usr/lib/gcc/x86_64-linux-gnu/4.8/../../../../lib32/crt1.o
 .rel.text.hwtimer_arch_set_absolute
                0x0000000000000000        0x0 /usr/lib/gcc/x86_64-linux-gnu/4.8/../../../../lib32/crt1.o
 .rel.text.hwtimer_arch_unset
                0x0000000000000000        0x0 /usr/lib/gcc/x86_64-linux-gnu/4.8/../../../../lib32/crt1.o
 .rel.text.hwtimer_arch_now
                0x0000000000000000        0x0 /usr/lib/gcc/x86_64-linux-gnu/4.8/../../../../lib32/crt1.o
 .rel.text.do_timer_set
                0x0000000000000000        0x0 /usr/lib/gcc/x86_64-linux-gnu/4.8/../../../../lib32/crt1.o
 .rel.text.vtimer_callback_msg
                0x0000000000000000        0x0 /usr/lib/gcc/x86_64-linux-gnu/4.8/../../../../lib32/crt1.o
 .rel.text.vtimer_set
                0x0000000000000000        0x0 /usr/lib/gcc/x86_64-linux-gnu/4.8/../../../../lib32/crt1.o
 .rel.text.vtimer_get_localtime
                0x0000000000000000        0x0 /usr/lib/gcc/x86_64-linux-gnu/4.8/../../../../lib32/crt1.o
 .rel.text.vtimer_usleep
                0x0000000000000000        0x0 /usr/lib/gcc/x86_64-linux-gnu/4.8/../../../../lib32/crt1.o
 .rel.text.vtimer_msg_receive_timeout
                0x0000000000000000        0x0 /usr/lib/gcc/x86_64-linux-gnu/4.8/../../../../lib32/crt1.o
 .rel.text.init_tcp_socket
                0x0000000000000000        0x0 /usr/lib/gcc/x86_64-linux-gnu/4.8/../../../../lib32/crt1.o
 .rel.text.init_unix_socket
                0x0000000000000000        0x0 /usr/lib/gcc/x86_64-linux-gnu/4.8/../../../../lib32/crt1.o
 .rel.text.handle_uart_in
                0x0000000000000000        0x0 /usr/lib/gcc/x86_64-linux-gnu/4.8/../../../../lib32/crt1.o
 .rel.text.handle_uart_sock
                0x0000000000000000        0x0 /usr/lib/gcc/x86_64-linux-gnu/4.8/../../../../lib32/crt1.o
 .rel.text._native_init_uart0
                0x0000000000000000        0x0 /usr/lib/gcc/x86_64-linux-gnu/4.8/../../../../lib32/crt1.o
 .rel.text.board_init
                0x0000000000000000        0x0 /usr/lib/gcc/x86_64-linux-gnu/4.8/../../../../lib32/crt1.o
 .rel.text.main
                0x0000000000000000        0x0 /usr/lib/gcc/x86_64-linux-gnu/4.8/../../../../lib32/crt1.o
 .rel.text.auto_init
                0x0000000000000000        0x0 /usr/lib/gcc/x86_64-linux-gnu/4.8/../../../../lib32/crt1.o
 .rel.text.find_handler
                0x0000000000000000        0x0 /usr/lib/gcc/x86_64-linux-gnu/4.8/../../../../lib32/crt1.o
 .rel.text.handle_input_line
                0x0000000000000000        0x0 /usr/lib/gcc/x86_64-linux-gnu/4.8/../../../../lib32/crt1.o
 .rel.text.board_uart0_init
                0x0000000000000000        0x0 /usr/lib/gcc/x86_64-linux-gnu/4.8/../../../../lib32/crt1.o
 .rel.text.uart0_handle_incoming
                0x0000000000000000        0x0 /usr/lib/gcc/x86_64-linux-gnu/4.8/../../../../lib32/crt1.o
 .rel.text.ringbuffer_get
                0x0000000000000000        0x0 /usr/lib/gcc/x86_64-linux-gnu/4.8/../../../../lib32/crt1.o
 *(.rel.fini)
 *(.rel.rodata .rel.rodata.* .rel.gnu.linkonce.r.*)
 *(.rel.data.rel.ro .rel.data.rel.ro.* .rel.gnu.linkonce.d.rel.ro.*)
 *(.rel.data .rel.data.* .rel.gnu.linkonce.d.*)
 *(.rel.tdata .rel.tdata.* .rel.gnu.linkonce.td.*)
 *(.rel.tbss .rel.tbss.* .rel.gnu.linkonce.tb.*)
 *(.rel.ctors)
 *(.rel.dtors)
 *(.rel.got)
 .rel.got       0x0000000008048820        0x8 /usr/lib/gcc/x86_64-linux-gnu/4.8/../../../../lib32/crt1.o
 *(.rel.bss .rel.bss.* .rel.gnu.linkonce.b.*)
 .rel.bss       0x0000000000000000        0x0 /usr/lib/gcc/x86_64-linux-gnu/4.8/../../../../lib32/crt1.o
 *(.rel.ifunc)

.rel.plt        0x0000000008048828       0xd8
 *(.rel.plt)
 .rel.plt       0x0000000008048828       0xd8 /usr/lib/gcc/x86_64-linux-gnu/4.8/../../../../lib32/crt1.o
                0x0000000008048900                PROVIDE (__rel_iplt_start, .)
 *(.rel.iplt)
 .rel.iplt      0x0000000000000000        0x0 /usr/lib/gcc/x86_64-linux-gnu/4.8/../../../../lib32/crt1.o
                0x0000000008048900                PROVIDE (__rel_iplt_end, .)

.init           0x0000000008048900       0x23
 *(SORT(.init))
 .init          0x0000000008048900       0x1e /usr/lib/gcc/x86_64-linux-gnu/4.8/../../../../lib32/crti.o
                0x0000000008048900                _init
 .init          0x000000000804891e        0x5 /usr/lib/gcc/x86_64-linux-gnu/4.8/../../../../lib32/crtn.o

.plt            0x0000000008048930      0x1c0
 *(.plt)
 .plt           0x0000000008048930      0x1c0 /usr/lib/gcc/x86_64-linux-gnu/4.8/../../../../lib32/crt1.o
                0x0000000008048940                strcmp@@GLIBC_2.0
                0x0000000008048950                sigprocmask@@GLIBC_2.0
                0x0000000008048960                memcpy@@GLIBC_2.0
                0x0000000008048970                setcontext@@GLIBC_2.0
                0x0000000008048980                __stack_chk_fail@@GLIBC_2.4
                0x0000000008048990                sigpending@@GLIBC_2.0
                0x00000000080489a0                sigismember@@GLIBC_2.0
                0x00000000080489b0                strsignal@@GLIBC_2.0
                0x00000000080489c0                strerror@@GLIBC_2.0
                0x00000000080489e0                strlen@@GLIBC_2.0
                0x00000000080489f0                __libc_start_main@@GLIBC_2.0
                0x0000000008048a00                sigdelset@@GLIBC_2.0
                0x0000000008048a10                atol@@GLIBC_2.0
                0x0000000008048a20                getcontext@@GLIBC_2.1
                0x0000000008048a30                sigaddset@@GLIBC_2.0
                0x0000000008048a40                dlsym@@GLIBC_2.0
                0x0000000008048a50                sigfillset@@GLIBC_2.0
                0x0000000008048a60                memset@@GLIBC_2.0
                0x0000000008048a70                snprintf@@GLIBC_2.0
                0x0000000008048a80                swapcontext@@GLIBC_2.1
                0x0000000008048a90                __errno_location@@GLIBC_2.0
                0x0000000008048aa0                makecontext@@GLIBC_2.1
                0x0000000008048ab0                sigemptyset@@GLIBC_2.0
                0x0000000008048ac0                vsnprintf@@GLIBC_2.0
                0x0000000008048ad0                sigaction@@GLIBC_2.0
                0x0000000008048ae0                sigaltstack@@GLIBC_2.0
 *(.iplt)
 .iplt          0x0000000000000000        0x0 /usr/lib/gcc/x86_64-linux-gnu/4.8/../../../../lib32/crt1.o

.text           0x0000000008048af0     0x6192
 *(.text.unlikely .text.*_unlikely .text.unlikely.*)
 *(.text.exit .text.exit.*)
 *(.text.startup .text.startup.*)
 .text.startup  0x0000000008048af0      0x419 /home/evanosky/workspace/kubos-core/bin/native/cpu/startup.o
 *(.text.hot .text.hot.*)
 *(.text .stub .text.* .gnu.linkonce.t.*)
 .text          0x0000000008048f09       0x22 /usr/lib/gcc/x86_64-linux-gnu/4.8/../../../../lib32/crt1.o
                0x0000000008048f09                _start
 .text          0x0000000008048f2b        0x0 /usr/lib/gcc/x86_64-linux-gnu/4.8/../../../../lib32/crti.o
 *fill*         0x0000000008048f2b        0x5 
 .gnu.linkonce.t.__x86.get_pc_thunk.bx
                0x0000000008048f30        0x4 /usr/lib/gcc/x86_64-linux-gnu/4.8/../../../../lib32/crti.o
                0x0000000008048f30                __x86.get_pc_thunk.bx
 *fill*         0x0000000008048f34        0xc 
 .text          0x0000000008048f40       0xbd /usr/lib/gcc/x86_64-linux-gnu/4.8/32/crtbegin.o
 .text          0x0000000008048ffd        0x0 /home/evanosky/workspace/kubos-core/bin/native/cpu/startup.o
 .text._native_null_in
                0x0000000008048ffd       0x79 /home/evanosky/workspace/kubos-core/bin/native/cpu/startup.o
                0x0000000008048ffd                _native_null_in
 .text._native_log_stdout
                0x0000000008049076      0x17e /home/evanosky/workspace/kubos-core/bin/native/cpu/startup.o
                0x0000000008049076                _native_log_stdout
 .text._native_log_stderr
                0x00000000080491f4      0x169 /home/evanosky/workspace/kubos-core/bin/native/cpu/startup.o
                0x00000000080491f4                _native_log_stderr
 .text.daemonize
                0x000000000804935d       0xc2 /home/evanosky/workspace/kubos-core/bin/native/cpu/startup.o
                0x000000000804935d                daemonize
 .text.filter_daemonize_argv
                0x000000000804941f       0x6b /home/evanosky/workspace/kubos-core/bin/native/cpu/startup.o
 .text.usage_exit
                0x000000000804948a       0x98 /home/evanosky/workspace/kubos-core/bin/native/cpu/startup.o
                0x000000000804948a                usage_exit
 .text          0x0000000008049522        0x0 /home/evanosky/workspace/kubos-core/bin/native/core.a(kernel_init.o)
 .text.main_trampoline
                0x0000000008049522       0x17 /home/evanosky/workspace/kubos-core/bin/native/core.a(kernel_init.o)
 .text.idle_thread
                0x0000000008049539       0x2b /home/evanosky/workspace/kubos-core/bin/native/core.a(kernel_init.o)
 .text.kernel_init
                0x0000000008049564       0xaf /home/evanosky/workspace/kubos-core/bin/native/core.a(kernel_init.o)
                0x0000000008049564                kernel_init
 .text          0x0000000008049613        0x0 /home/evanosky/workspace/kubos-core/bin/native/core.a(thread.o)
 .text.clist_advance
                0x0000000008049613       0x11 /home/evanosky/workspace/kubos-core/bin/native/core.a(thread.o)
 .text.cib_init
                0x0000000008049624       0x33 /home/evanosky/workspace/kubos-core/bin/native/core.a(thread.o)
 .text.pid_is_valid
                0x0000000008049657       0x29 /home/evanosky/workspace/kubos-core/bin/native/core.a(thread.o)
 .text.thread_get
                0x0000000008049680       0x31 /home/evanosky/workspace/kubos-core/bin/native/core.a(thread.o)
                0x0000000008049680                thread_get
 .text.thread_getstatus
                0x00000000080496b1       0x35 /home/evanosky/workspace/kubos-core/bin/native/core.a(thread.o)
                0x00000000080496b1                thread_getstatus
 .text.thread_sleep
                0x00000000080496e6       0x40 /home/evanosky/workspace/kubos-core/bin/native/core.a(thread.o)
                0x00000000080496e6                thread_sleep
 .text.thread_wakeup
                0x0000000008049726       0x7f /home/evanosky/workspace/kubos-core/bin/native/core.a(thread.o)
                0x0000000008049726                thread_wakeup
 .text.thread_yield
                0x00000000080497a5       0x4f /home/evanosky/workspace/kubos-core/bin/native/core.a(thread.o)
                0x00000000080497a5                thread_yield
 .text.thread_create
                0x00000000080497f4      0x1d4 /home/evanosky/workspace/kubos-core/bin/native/core.a(thread.o)
                0x00000000080497f4                thread_create
 .text          0x00000000080499c8        0x0 /home/evanosky/workspace/kubos-core/bin/native/core.a(hwtimer.o)
 .text.multiplexer
                0x00000000080499c8       0x41 /home/evanosky/workspace/kubos-core/bin/native/core.a(hwtimer.o)
 .text.hwtimer_releasemutex
                0x0000000008049a09       0x13 /home/evanosky/workspace/kubos-core/bin/native/core.a(hwtimer.o)
 .text.hwtimer_spin
                0x0000000008049a1c       0x39 /home/evanosky/workspace/kubos-core/bin/native/core.a(hwtimer.o)
                0x0000000008049a1c                hwtimer_spin
 .text.hwtimer_init
                0x0000000008049a55       0x14 /home/evanosky/workspace/kubos-core/bin/native/core.a(hwtimer.o)
                0x0000000008049a55                hwtimer_init
 .text.hwtimer_init_comp
                0x0000000008049a69       0x55 /home/evanosky/workspace/kubos-core/bin/native/core.a(hwtimer.o)
                0x0000000008049a69                hwtimer_init_comp
 .text.hwtimer_active
                0x0000000008049abe       0x1c /home/evanosky/workspace/kubos-core/bin/native/core.a(hwtimer.o)
                0x0000000008049abe                hwtimer_active
 .text.hwtimer_now
                0x0000000008049ada        0xd /home/evanosky/workspace/kubos-core/bin/native/core.a(hwtimer.o)
                0x0000000008049ada                hwtimer_now
 .text.hwtimer_wait
                0x0000000008049ae7       0x89 /home/evanosky/workspace/kubos-core/bin/native/core.a(hwtimer.o)
                0x0000000008049ae7                hwtimer_wait
 .text._hwtimer_set
                0x0000000008049b70       0xac /home/evanosky/workspace/kubos-core/bin/native/core.a(hwtimer.o)
 .text.hwtimer_set
                0x0000000008049c1c       0x29 /home/evanosky/workspace/kubos-core/bin/native/core.a(hwtimer.o)
                0x0000000008049c1c                hwtimer_set
 .text.hwtimer_set_absolute
                0x0000000008049c45       0x29 /home/evanosky/workspace/kubos-core/bin/native/core.a(hwtimer.o)
                0x0000000008049c45                hwtimer_set_absolute
 .text.hwtimer_remove
                0x0000000008049c6e       0x5a /home/evanosky/workspace/kubos-core/bin/native/core.a(hwtimer.o)
                0x0000000008049c6e                hwtimer_remove
 .text          0x0000000008049cc8        0x0 /home/evanosky/workspace/kubos-core/bin/native/core.a(lifo.o)
 .text.lifo_empty
                0x0000000008049cc8       0x13 /home/evanosky/workspace/kubos-core/bin/native/core.a(lifo.o)
                0x0000000008049cc8                lifo_empty
 .text.lifo_init
                0x0000000008049cdb       0x32 /home/evanosky/workspace/kubos-core/bin/native/core.a(lifo.o)
                0x0000000008049cdb                lifo_init
 .text.lifo_insert
                0x0000000008049d0d       0x2f /home/evanosky/workspace/kubos-core/bin/native/core.a(lifo.o)
                0x0000000008049d0d                lifo_insert
 .text.lifo_get
                0x0000000008049d3c       0x32 /home/evanosky/workspace/kubos-core/bin/native/core.a(lifo.o)
                0x0000000008049d3c                lifo_get
 .text          0x0000000008049d6e        0x0 /home/evanosky/workspace/kubos-core/bin/native/core.a(mutex.o)
 .text.atomic_set_to_one
                0x0000000008049d6e       0x3c /home/evanosky/workspace/kubos-core/bin/native/core.a(mutex.o)
 .text.mutex_trylock
                0x0000000008049daa       0x13 /home/evanosky/workspace/kubos-core/bin/native/core.a(mutex.o)
                0x0000000008049daa                mutex_trylock
 .text.mutex_lock
                0x0000000008049dbd       0x22 /home/evanosky/workspace/kubos-core/bin/native/core.a(mutex.o)
                0x0000000008049dbd                mutex_lock
 .text.mutex_wait
                0x0000000008049ddf       0x84 /home/evanosky/workspace/kubos-core/bin/native/core.a(mutex.o)
 .text.mutex_unlock
                0x0000000008049e63       0x91 /home/evanosky/workspace/kubos-core/bin/native/core.a(mutex.o)
                0x0000000008049e63                mutex_unlock
 .text.mutex_unlock_and_sleep
                0x0000000008049ef4       0x7c /home/evanosky/workspace/kubos-core/bin/native/core.a(mutex.o)
                0x0000000008049ef4                mutex_unlock_and_sleep
 .text          0x0000000008049f70        0x0 /home/evanosky/workspace/kubos-core/bin/native/core.a(priority_queue.o)
 .text.priority_queue_remove
                0x0000000008049f70       0x40 /home/evanosky/workspace/kubos-core/bin/native/core.a(priority_queue.o)
                0x0000000008049f70                priority_queue_remove
 .text.priority_queue_remove_head
                0x0000000008049fb0       0x23 /home/evanosky/workspace/kubos-core/bin/native/core.a(priority_queue.o)
                0x0000000008049fb0                priority_queue_remove_head
 .text.priority_queue_add
                0x0000000008049fd3       0x58 /home/evanosky/workspace/kubos-core/bin/native/core.a(priority_queue.o)
                0x0000000008049fd3                priority_queue_add
 .text          0x000000000804a02b        0x0 /home/evanosky/workspace/kubos-core/bin/native/core.a(sched.o)
 .text.sched_run
                0x000000000804a02b       0x8e /home/evanosky/workspace/kubos-core/bin/native/core.a(sched.o)
                0x000000000804a02b                sched_run
 .text.sched_set_status
                0x000000000804a0b9       0xdf /home/evanosky/workspace/kubos-core/bin/native/core.a(sched.o)
                0x000000000804a0b9                sched_set_status
 .text.sched_switch
                0x000000000804a198       0x60 /home/evanosky/workspace/kubos-core/bin/native/core.a(sched.o)
                0x000000000804a198                sched_switch
 .text.sched_task_exit
                0x000000000804a1f8       0x4f /home/evanosky/workspace/kubos-core/bin/native/core.a(sched.o)
                0x000000000804a1f8                sched_task_exit
 .text          0x000000000804a247        0x0 /home/evanosky/workspace/kubos-core/bin/native/core.a(atomic.o)
 .text.atomic_cas
                0x000000000804a247       0x44 /home/evanosky/workspace/kubos-core/bin/native/core.a(atomic.o)
                0x000000000804a247                atomic_cas
 .text          0x000000000804a28b        0x0 /home/evanosky/workspace/kubos-core/bin/native/core.a(bitarithm.o)
 .text.bitarithm_msb
                0x000000000804a28b       0x1c /home/evanosky/workspace/kubos-core/bin/native/core.a(bitarithm.o)
                0x000000000804a28b                bitarithm_msb
 .text.bitarithm_lsb
                0x000000000804a2a7       0x21 /home/evanosky/workspace/kubos-core/bin/native/core.a(bitarithm.o)
                0x000000000804a2a7                bitarithm_lsb
 .text.bitarithm_bits_set
                0x000000000804a2c8       0x27 /home/evanosky/workspace/kubos-core/bin/native/core.a(bitarithm.o)
                0x000000000804a2c8                bitarithm_bits_set
 .text          0x000000000804a2ef        0x0 /home/evanosky/workspace/kubos-core/bin/native/core.a(clist.o)
 .text.clist_add
                0x000000000804a2ef       0x75 /home/evanosky/workspace/kubos-core/bin/native/core.a(clist.o)
                0x000000000804a2ef                clist_add
 .text.clist_remove
                0x000000000804a364       0x49 /home/evanosky/workspace/kubos-core/bin/native/core.a(clist.o)
                0x000000000804a364                clist_remove
 .text          0x000000000804a3ad        0x0 /home/evanosky/workspace/kubos-core/bin/native/cpu.a(irq_cpu.o)
 .text.print_thread_sigmask
                0x000000000804a3ad       0xd5 /home/evanosky/workspace/kubos-core/bin/native/cpu.a(irq_cpu.o)
                0x000000000804a3ad                print_thread_sigmask
 .text.native_print_signals
                0x000000000804a482      0x19d /home/evanosky/workspace/kubos-core/bin/native/cpu.a(irq_cpu.o)
                0x000000000804a482                native_print_signals
 .text.disableIRQ
                0x000000000804a61f       0x61 /home/evanosky/workspace/kubos-core/bin/native/cpu.a(irq_cpu.o)
                0x000000000804a61f                disableIRQ
 .text.enableIRQ
                0x000000000804a680       0x61 /home/evanosky/workspace/kubos-core/bin/native/cpu.a(irq_cpu.o)
                0x000000000804a680                enableIRQ
 .text.restoreIRQ
                0x000000000804a6e1       0x1b /home/evanosky/workspace/kubos-core/bin/native/cpu.a(irq_cpu.o)
                0x000000000804a6e1                restoreIRQ
 .text.inISR    0x000000000804a6fc        0xa /home/evanosky/workspace/kubos-core/bin/native/cpu.a(irq_cpu.o)
                0x000000000804a6fc                inISR
 .text.dINT     0x000000000804a706        0xd /home/evanosky/workspace/kubos-core/bin/native/cpu.a(irq_cpu.o)
                0x000000000804a706                dINT
 .text.eINT     0x000000000804a713        0xd /home/evanosky/workspace/kubos-core/bin/native/cpu.a(irq_cpu.o)
                0x000000000804a713                eINT
 .text._native_popsig
                0x000000000804a720       0x78 /home/evanosky/workspace/kubos-core/bin/native/cpu.a(irq_cpu.o)
                0x000000000804a720                _native_popsig
 .text.native_irq_handler
                0x000000000804a798       0x76 /home/evanosky/workspace/kubos-core/bin/native/cpu.a(irq_cpu.o)
                0x000000000804a798                native_irq_handler
 .text.isr_set_sigmask
                0x000000000804a80e       0x23 /home/evanosky/workspace/kubos-core/bin/native/cpu.a(irq_cpu.o)
                0x000000000804a80e                isr_set_sigmask
 .text.native_isr_entry
                0x000000000804a831      0x130 /home/evanosky/workspace/kubos-core/bin/native/cpu.a(irq_cpu.o)
                0x000000000804a831                native_isr_entry
 .text.set_signal_handler
                0x000000000804a961      0x132 /home/evanosky/workspace/kubos-core/bin/native/cpu.a(irq_cpu.o)
                0x000000000804a961                set_signal_handler
 .text.register_interrupt
                0x000000000804aa93       0x40 /home/evanosky/workspace/kubos-core/bin/native/cpu.a(irq_cpu.o)
                0x000000000804aa93                register_interrupt
 .text.unregister_interrupt
                0x000000000804aad3       0x41 /home/evanosky/workspace/kubos-core/bin/native/cpu.a(irq_cpu.o)
                0x000000000804aad3                unregister_interrupt
 .text.native_shutdown
                0x000000000804ab14       0x14 /home/evanosky/workspace/kubos-core/bin/native/cpu.a(irq_cpu.o)
 .text.native_interrupt_init
                0x000000000804ab28      0x2ee /home/evanosky/workspace/kubos-core/bin/native/cpu.a(irq_cpu.o)
                0x000000000804ab28                native_interrupt_init
 .text          0x000000000804ae16        0x0 /home/evanosky/workspace/kubos-core/bin/native/cpu.a(lpm_cpu.o)
 .text.lpm_init
                0x000000000804ae16       0x10 /home/evanosky/workspace/kubos-core/bin/native/cpu.a(lpm_cpu.o)
                0x000000000804ae16                lpm_init
 .text._native_lpm_sleep
                0x000000000804ae26       0xff /home/evanosky/workspace/kubos-core/bin/native/cpu.a(lpm_cpu.o)
                0x000000000804ae26                _native_lpm_sleep
 .text.lpm_set  0x000000000804af25       0x76 /home/evanosky/workspace/kubos-core/bin/native/cpu.a(lpm_cpu.o)
                0x000000000804af25                lpm_set
 .text.lpm_awake
                0x000000000804af9b       0x10 /home/evanosky/workspace/kubos-core/bin/native/cpu.a(lpm_cpu.o)
                0x000000000804af9b                lpm_awake
 .text.lpm_begin_awake
                0x000000000804afab        0x6 /home/evanosky/workspace/kubos-core/bin/native/cpu.a(lpm_cpu.o)
                0x000000000804afab                lpm_begin_awake
 .text.lpm_end_awake
                0x000000000804afb1       0x10 /home/evanosky/workspace/kubos-core/bin/native/cpu.a(lpm_cpu.o)
                0x000000000804afb1                lpm_end_awake
 .text.lpm_get  0x000000000804afc1        0xa /home/evanosky/workspace/kubos-core/bin/native/cpu.a(lpm_cpu.o)
                0x000000000804afc1                lpm_get
 .text          0x000000000804afcb        0x0 /home/evanosky/workspace/kubos-core/bin/native/cpu.a(native_cpu.o)
 .text.reboot_arch
                0x000000000804afcb       0x63 /home/evanosky/workspace/kubos-core/bin/native/cpu.a(native_cpu.o)
                0x000000000804afcb                reboot_arch
 .text.thread_print_stack
                0x000000000804b02e        0x6 /home/evanosky/workspace/kubos-core/bin/native/cpu.a(native_cpu.o)
                0x000000000804b02e                thread_print_stack
 .text.thread_stack_init
                0x000000000804b034       0xc3 /home/evanosky/workspace/kubos-core/bin/native/cpu.a(native_cpu.o)
                0x000000000804b034                thread_stack_init
 .text.isr_cpu_switch_context_exit
                0x000000000804b0f7       0x74 /home/evanosky/workspace/kubos-core/bin/native/cpu.a(native_cpu.o)
                0x000000000804b0f7                isr_cpu_switch_context_exit
 .text.cpu_switch_context_exit
                0x000000000804b16b       0xae /home/evanosky/workspace/kubos-core/bin/native/cpu.a(native_cpu.o)
                0x000000000804b16b                cpu_switch_context_exit
 .text.isr_thread_yield
                0x000000000804b219       0x4f /home/evanosky/workspace/kubos-core/bin/native/cpu.a(native_cpu.o)
                0x000000000804b219                isr_thread_yield
 .text.thread_yield_higher
                0x000000000804b268       0x9c /home/evanosky/workspace/kubos-core/bin/native/cpu.a(native_cpu.o)
                0x000000000804b268                thread_yield_higher
 .text.native_cpu_init
                0x000000000804b304       0x67 /home/evanosky/workspace/kubos-core/bin/native/cpu.a(native_cpu.o)
                0x000000000804b304                native_cpu_init
 .text          0x000000000804b36b        0x0 /home/evanosky/workspace/kubos-core/bin/native/cpu.a(syscalls.o)
 .text._native_syscall_enter
                0x000000000804b36b       0x12 /home/evanosky/workspace/kubos-core/bin/native/cpu.a(syscalls.o)
                0x000000000804b36b                _native_syscall_enter
 .text._native_syscall_leave
                0x000000000804b37d       0xdf /home/evanosky/workspace/kubos-core/bin/native/cpu.a(syscalls.o)
                0x000000000804b37d                _native_syscall_leave
 .text.malloc   0x000000000804b45c       0x25 /home/evanosky/workspace/kubos-core/bin/native/cpu.a(syscalls.o)
                0x000000000804b45c                malloc
 .text.free     0x000000000804b481       0x1f /home/evanosky/workspace/kubos-core/bin/native/cpu.a(syscalls.o)
                0x000000000804b481                free
 .text.calloc   0x000000000804b4a0       0x79 /home/evanosky/workspace/kubos-core/bin/native/cpu.a(syscalls.o)
                0x000000000804b4a0                calloc
 .text.realloc  0x000000000804b519       0x2c /home/evanosky/workspace/kubos-core/bin/native/cpu.a(syscalls.o)
                0x000000000804b519                realloc
 .text._native_read
                0x000000000804b545       0x33 /home/evanosky/workspace/kubos-core/bin/native/cpu.a(syscalls.o)
                0x000000000804b545                _native_read
 .text._native_write
                0x000000000804b578       0x33 /home/evanosky/workspace/kubos-core/bin/native/cpu.a(syscalls.o)
                0x000000000804b578                _native_write
 .text.putchar  0x000000000804b5ab       0x28 /home/evanosky/workspace/kubos-core/bin/native/cpu.a(syscalls.o)
                0x000000000804b5ab                putchar
 .text.puts     0x000000000804b5d3       0x3c /home/evanosky/workspace/kubos-core/bin/native/cpu.a(syscalls.o)
                0x000000000804b5d3                puts
 .text.make_message
                0x000000000804b60f       0xa5 /home/evanosky/workspace/kubos-core/bin/native/cpu.a(syscalls.o)
                0x000000000804b60f                make_message
 .text.printf   0x000000000804b6b4       0x70 /home/evanosky/workspace/kubos-core/bin/native/cpu.a(syscalls.o)
                0x000000000804b6b4                printf
 .text.vprintf  0x000000000804b724       0x6a /home/evanosky/workspace/kubos-core/bin/native/cpu.a(syscalls.o)
                0x000000000804b724                vprintf
 .text.vwarn    0x000000000804b78e      0x129 /home/evanosky/workspace/kubos-core/bin/native/cpu.a(syscalls.o)
                0x000000000804b78e                vwarn
 .text.vwarnx   0x000000000804b8b7       0xd9 /home/evanosky/workspace/kubos-core/bin/native/cpu.a(syscalls.o)
                0x000000000804b8b7                vwarnx
 .text.verr     0x000000000804b990       0x25 /home/evanosky/workspace/kubos-core/bin/native/cpu.a(syscalls.o)
                0x000000000804b990                verr
 .text.verrx    0x000000000804b9b5       0x25 /home/evanosky/workspace/kubos-core/bin/native/cpu.a(syscalls.o)
                0x000000000804b9b5                verrx
 .text.warn     0x000000000804b9da       0x20 /home/evanosky/workspace/kubos-core/bin/native/cpu.a(syscalls.o)
                0x000000000804b9da                warn
 .text.warnx    0x000000000804b9fa       0x20 /home/evanosky/workspace/kubos-core/bin/native/cpu.a(syscalls.o)
                0x000000000804b9fa                warnx
 .text.err      0x000000000804ba1a       0x25 /home/evanosky/workspace/kubos-core/bin/native/cpu.a(syscalls.o)
                0x000000000804ba1a                err
 .text.errx     0x000000000804ba3f       0x25 /home/evanosky/workspace/kubos-core/bin/native/cpu.a(syscalls.o)
                0x000000000804ba3f                errx
 .text.getpid   0x000000000804ba64       0x19 /home/evanosky/workspace/kubos-core/bin/native/cpu.a(syscalls.o)
                0x000000000804ba64                getpid
 .text._gettimeofday
                0x000000000804ba7d       0x18 /home/evanosky/workspace/kubos-core/bin/native/cpu.a(syscalls.o)
                0x000000000804ba7d                _gettimeofday
 .text._native_init_syscalls
                0x000000000804ba95      0x47b /home/evanosky/workspace/kubos-core/bin/native/cpu.a(syscalls.o)
                0x000000000804ba95                _native_init_syscalls
 .text          0x000000000804bf10       0x2e /home/evanosky/workspace/kubos-core/bin/native/cpu.a(tramp.o)
                0x000000000804bf10                _native_sig_leave_tramp
 .text          0x000000000804bf3e        0x0 /home/evanosky/workspace/kubos-core/bin/native/hwtimer_compat.a(hwtimer_arch.o)
 .text.hwtimer_arch_init
                0x000000000804bf3e       0x2c /home/evanosky/workspace/kubos-core/bin/native/hwtimer_compat.a(hwtimer_arch.o)
                0x000000000804bf3e                hwtimer_arch_init
 .text.hwtimer_arch_enable_interrupt
                0x000000000804bf6a       0x14 /home/evanosky/workspace/kubos-core/bin/native/hwtimer_compat.a(hwtimer_arch.o)
                0x000000000804bf6a                hwtimer_arch_enable_interrupt
 .text.hwtimer_arch_disable_interrupt
                0x000000000804bf7e       0x14 /home/evanosky/workspace/kubos-core/bin/native/hwtimer_compat.a(hwtimer_arch.o)
                0x000000000804bf7e                hwtimer_arch_disable_interrupt
 .text.hwtimer_arch_set
                0x000000000804bf92       0x2a /home/evanosky/workspace/kubos-core/bin/native/hwtimer_compat.a(hwtimer_arch.o)
                0x000000000804bf92                hwtimer_arch_set
 .text.hwtimer_arch_set_absolute
                0x000000000804bfbc       0x2a /home/evanosky/workspace/kubos-core/bin/native/hwtimer_compat.a(hwtimer_arch.o)
                0x000000000804bfbc                hwtimer_arch_set_absolute
 .text.hwtimer_arch_unset
                0x000000000804bfe6       0x23 /home/evanosky/workspace/kubos-core/bin/native/hwtimer_compat.a(hwtimer_arch.o)
                0x000000000804bfe6                hwtimer_arch_unset
 .text.hwtimer_arch_now
                0x000000000804c009       0x14 /home/evanosky/workspace/kubos-core/bin/native/hwtimer_compat.a(hwtimer_arch.o)
                0x000000000804c009                hwtimer_arch_now
 .text.irq_handler
                0x000000000804c01d       0x18 /home/evanosky/workspace/kubos-core/bin/native/hwtimer_compat.a(hwtimer_arch.o)
                0x000000000804c01d                irq_handler
 .text          0x000000000804c035        0x0 /home/evanosky/workspace/kubos-core/bin/native/periph.a(timer.o)
 .text.ts2ticks
                0x000000000804c035       0x2f /home/evanosky/workspace/kubos-core/bin/native/periph.a(timer.o)
 .text.native_isr_timer
                0x000000000804c064       0x16 /home/evanosky/workspace/kubos-core/bin/native/periph.a(timer.o)
                0x000000000804c064                native_isr_timer
 .text.timer_init
                0x000000000804c07a       0x53 /home/evanosky/workspace/kubos-core/bin/native/periph.a(timer.o)
                0x000000000804c07a                timer_init
 .text.do_timer_set
                0x000000000804c0cd       0xaf /home/evanosky/workspace/kubos-core/bin/native/periph.a(timer.o)
 .text.timer_set
                0x000000000804c17c       0x25 /home/evanosky/workspace/kubos-core/bin/native/periph.a(timer.o)
                0x000000000804c17c                timer_set
 .text.timer_set_absolute
                0x000000000804c1a1       0x6e /home/evanosky/workspace/kubos-core/bin/native/periph.a(timer.o)
                0x000000000804c1a1                timer_set_absolute
 .text.timer_clear
                0x000000000804c20f       0x19 /home/evanosky/workspace/kubos-core/bin/native/periph.a(timer.o)
                0x000000000804c20f                timer_clear
 .text.timer_irq_enable
                0x000000000804c228       0x1d /home/evanosky/workspace/kubos-core/bin/native/periph.a(timer.o)
                0x000000000804c228                timer_irq_enable
 .text.timer_irq_disable
                0x000000000804c245       0x15 /home/evanosky/workspace/kubos-core/bin/native/periph.a(timer.o)
                0x000000000804c245                timer_irq_disable
 .text.timer_start
                0x000000000804c25a        0x5 /home/evanosky/workspace/kubos-core/bin/native/periph.a(timer.o)
                0x000000000804c25a                timer_start
 .text.timer_stop
                0x000000000804c25f        0x5 /home/evanosky/workspace/kubos-core/bin/native/periph.a(timer.o)
                0x000000000804c25f                timer_stop
 .text.timer_reset
                0x000000000804c264       0x1e /home/evanosky/workspace/kubos-core/bin/native/periph.a(timer.o)
                0x000000000804c264                timer_reset
 .text.timer_read
                0x000000000804c282       0x60 /home/evanosky/workspace/kubos-core/bin/native/periph.a(timer.o)
                0x000000000804c282                timer_read
 .text          0x000000000804c2e2        0x0 /home/evanosky/workspace/kubos-core/bin/native/vtimer.a(vtimer.o)
 .text.timer_get_node
                0x000000000804c2e2       0x15 /home/evanosky/workspace/kubos-core/bin/native/vtimer.a(vtimer.o)
 .text.node_get_timer
                0x000000000804c2f7       0x1f /home/evanosky/workspace/kubos-core/bin/native/vtimer.a(vtimer.o)
 .text.set_longterm
                0x000000000804c316       0x4f /home/evanosky/workspace/kubos-core/bin/native/vtimer.a(vtimer.o)
 .text.update_shortterm
                0x000000000804c365       0xc6 /home/evanosky/workspace/kubos-core/bin/native/vtimer.a(vtimer.o)
 .text.vtimer_callback_tick
                0x000000000804c42b       0x81 /home/evanosky/workspace/kubos-core/bin/native/vtimer.a(vtimer.o)
 .text.vtimer_callback_msg
                0x000000000804c4ac       0x33 /home/evanosky/workspace/kubos-core/bin/native/vtimer.a(vtimer.o)
 .text.vtimer_callback_wakeup
                0x000000000804c4df       0x18 /home/evanosky/workspace/kubos-core/bin/native/vtimer.a(vtimer.o)
 .text.vtimer_callback_unlock
                0x000000000804c4f7       0x1c /home/evanosky/workspace/kubos-core/bin/native/vtimer.a(vtimer.o)
 .text.set_shortterm
                0x000000000804c513       0x4f /home/evanosky/workspace/kubos-core/bin/native/vtimer.a(vtimer.o)
 .text.vtimer_callback
                0x000000000804c562       0x56 /home/evanosky/workspace/kubos-core/bin/native/vtimer.a(vtimer.o)
 .text.normalize_to_tick
                0x000000000804c5b8       0x83 /home/evanosky/workspace/kubos-core/bin/native/vtimer.a(vtimer.o)
                0x000000000804c5b8                normalize_to_tick
 .text.vtimer_set
                0x000000000804c63b       0xe1 /home/evanosky/workspace/kubos-core/bin/native/vtimer.a(vtimer.o)
 .text.vtimer_now
                0x000000000804c71c       0x4f /home/evanosky/workspace/kubos-core/bin/native/vtimer.a(vtimer.o)
                0x000000000804c71c                vtimer_now
 .text.vtimer_gettimeofday
                0x000000000804c76b       0x28 /home/evanosky/workspace/kubos-core/bin/native/vtimer.a(vtimer.o)
                0x000000000804c76b                vtimer_gettimeofday
 .text.vtimer_get_localtime
                0x000000000804c793       0xb5 /home/evanosky/workspace/kubos-core/bin/native/vtimer.a(vtimer.o)
                0x000000000804c793                vtimer_get_localtime
 .text.vtimer_init
                0x000000000804c848       0x5e /home/evanosky/workspace/kubos-core/bin/native/vtimer.a(vtimer.o)
                0x000000000804c848                vtimer_init
 .text.vtimer_set_wakeup
                0x000000000804c8a6       0x48 /home/evanosky/workspace/kubos-core/bin/native/vtimer.a(vtimer.o)
                0x000000000804c8a6                vtimer_set_wakeup
 .text.vtimer_usleep
                0x000000000804c8ee       0x37 /home/evanosky/workspace/kubos-core/bin/native/vtimer.a(vtimer.o)
                0x000000000804c8ee                vtimer_usleep
 .text.vtimer_sleep
                0x000000000804c925       0x7e /home/evanosky/workspace/kubos-core/bin/native/vtimer.a(vtimer.o)
                0x000000000804c925                vtimer_sleep
 .text.vtimer_remove
                0x000000000804c9a3       0x56 /home/evanosky/workspace/kubos-core/bin/native/vtimer.a(vtimer.o)
                0x000000000804c9a3                vtimer_remove
 .text.vtimer_set_msg
                0x000000000804c9f9       0x59 /home/evanosky/workspace/kubos-core/bin/native/vtimer.a(vtimer.o)
                0x000000000804c9f9                vtimer_set_msg
 .text.vtimer_msg_receive_timeout
                0x000000000804ca52       0x84 /home/evanosky/workspace/kubos-core/bin/native/vtimer.a(vtimer.o)
                0x000000000804ca52                vtimer_msg_receive_timeout
 .text          0x000000000804cad6        0x0 /home/evanosky/workspace/kubos-core/bin/native/native_base.a(native-uart0.o)
 .text.uart0_puts
                0x000000000804cad6       0x98 /home/evanosky/workspace/kubos-core/bin/native/native_base.a(native-uart0.o)
                0x000000000804cad6                uart0_puts
 .text.get_in_addr
                0x000000000804cb6e       0x1f /home/evanosky/workspace/kubos-core/bin/native/native_base.a(native-uart0.o)
                0x000000000804cb6e                get_in_addr
 .text.init_tcp_socket
                0x000000000804cb8d      0x1e6 /home/evanosky/workspace/kubos-core/bin/native/native_base.a(native-uart0.o)
                0x000000000804cb8d                init_tcp_socket
 .text.init_unix_socket
                0x000000000804cd73      0x14d /home/evanosky/workspace/kubos-core/bin/native/native_base.a(native-uart0.o)
                0x000000000804cd73                init_unix_socket
 .text.handle_uart_in
                0x000000000804cec0      0x140 /home/evanosky/workspace/kubos-core/bin/native/native_base.a(native-uart0.o)
                0x000000000804cec0                handle_uart_in
 .text.handle_uart_sock
                0x000000000804d000      0x229 /home/evanosky/workspace/kubos-core/bin/native/native_base.a(native-uart0.o)
                0x000000000804d000                handle_uart_sock
 .text._native_handle_uart0_input
                0x000000000804d229       0x63 /home/evanosky/workspace/kubos-core/bin/native/native_base.a(native-uart0.o)
                0x000000000804d229                _native_handle_uart0_input
 .text._native_set_uart_fds
                0x000000000804d28c       0x76 /home/evanosky/workspace/kubos-core/bin/native/native_base.a(native-uart0.o)
                0x000000000804d28c                _native_set_uart_fds
 .text._native_init_uart0
                0x000000000804d302      0x183 /home/evanosky/workspace/kubos-core/bin/native/native_base.a(native-uart0.o)
                0x000000000804d302                _native_init_uart0
 .text          0x000000000804d485        0x0 /home/evanosky/workspace/kubos-core/bin/native/native_base.a(board_init.o)
 .text.board_init
                0x000000000804d485       0x1e /home/evanosky/workspace/kubos-core/bin/native/native_base.a(board_init.o)
                0x000000000804d485                board_init
 .text          0x000000000804d4a3        0x0 /home/evanosky/workspace/kubos-core/bin/native/native_base.a(native-led.o)
 .text._native_LED_GREEN_OFF
                0x000000000804d4a3       0x14 /home/evanosky/workspace/kubos-core/bin/native/native_base.a(native-led.o)
                0x000000000804d4a3                _native_LED_GREEN_OFF
 .text._native_LED_GREEN_ON
                0x000000000804d4b7       0x14 /home/evanosky/workspace/kubos-core/bin/native/native_base.a(native-led.o)
                0x000000000804d4b7                _native_LED_GREEN_ON
 .text._native_LED_GREEN_TOGGLE
                0x000000000804d4cb       0x14 /home/evanosky/workspace/kubos-core/bin/native/native_base.a(native-led.o)
                0x000000000804d4cb                _native_LED_GREEN_TOGGLE
 .text._native_LED_RED_OFF
                0x000000000804d4df       0x14 /home/evanosky/workspace/kubos-core/bin/native/native_base.a(native-led.o)
                0x000000000804d4df                _native_LED_RED_OFF
 .text._native_LED_RED_ON
                0x000000000804d4f3       0x14 /home/evanosky/workspace/kubos-core/bin/native/native_base.a(native-led.o)
                0x000000000804d4f3                _native_LED_RED_ON
 .text._native_LED_RED_TOGGLE
                0x000000000804d507       0x14 /home/evanosky/workspace/kubos-core/bin/native/native_base.a(native-led.o)
                0x000000000804d507                _native_LED_RED_TOGGLE
 .text          0x000000000804d51b        0x0 /home/evanosky/workspace/kubos-core/bin/native/kubos-core.a(main.o)
 .text.hello_world
                0x000000000804d51b       0x19 /home/evanosky/workspace/kubos-core/bin/native/kubos-core.a(main.o)
                0x000000000804d51b                hello_world
 .text.main     0x000000000804d534       0x71 /home/evanosky/workspace/kubos-core/bin/native/kubos-core.a(main.o)
                0x000000000804d534                main
 .text          0x000000000804d5a5        0x0 /home/evanosky/workspace/kubos-core/bin/native/auto_init.a(auto_init.o)
 .text.auto_init
                0x000000000804d5a5       0x12 /home/evanosky/workspace/kubos-core/bin/native/auto_init.a(auto_init.o)
                0x000000000804d5a5                auto_init
 .text          0x000000000804d5b7        0x0 /home/evanosky/workspace/kubos-core/bin/native/core.a(msg.o)
 .text.cib_init
                0x000000000804d5b7       0x33 /home/evanosky/workspace/kubos-core/bin/native/core.a(msg.o)
 .text.cib_avail
                0x000000000804d5ea       0x14 /home/evanosky/workspace/kubos-core/bin/native/core.a(msg.o)
 .text.cib_get  0x000000000804d5fe       0x38 /home/evanosky/workspace/kubos-core/bin/native/core.a(msg.o)
 .text.cib_put  0x000000000804d636       0x41 /home/evanosky/workspace/kubos-core/bin/native/core.a(msg.o)
 .text.queue_msg
                0x000000000804d677       0x4c /home/evanosky/workspace/kubos-core/bin/native/core.a(msg.o)
 .text.msg_send
                0x000000000804d6c3       0x6b /home/evanosky/workspace/kubos-core/bin/native/core.a(msg.o)
                0x000000000804d6c3                msg_send
 .text.msg_try_send
                0x000000000804d72e       0x6b /home/evanosky/workspace/kubos-core/bin/native/core.a(msg.o)
                0x000000000804d72e                msg_try_send
 .text._msg_send
                0x000000000804d799      0x17f /home/evanosky/workspace/kubos-core/bin/native/core.a(msg.o)
 .text.msg_send_to_self
                0x000000000804d918       0x42 /home/evanosky/workspace/kubos-core/bin/native/core.a(msg.o)
                0x000000000804d918                msg_send_to_self
 .text.msg_send_int
                0x000000000804d95a       0x8e /home/evanosky/workspace/kubos-core/bin/native/core.a(msg.o)
                0x000000000804d95a                msg_send_int
 .text.msg_send_receive
                0x000000000804d9e8       0x67 /home/evanosky/workspace/kubos-core/bin/native/core.a(msg.o)
                0x000000000804d9e8                msg_send_receive
 .text.msg_reply
                0x000000000804da4f       0xa0 /home/evanosky/workspace/kubos-core/bin/native/core.a(msg.o)
                0x000000000804da4f                msg_reply
 .text.msg_reply_int
                0x000000000804daef       0x68 /home/evanosky/workspace/kubos-core/bin/native/core.a(msg.o)
                0x000000000804daef                msg_reply_int
 .text.msg_try_receive
                0x000000000804db57       0x1b /home/evanosky/workspace/kubos-core/bin/native/core.a(msg.o)
                0x000000000804db57                msg_try_receive
 .text.msg_receive
                0x000000000804db72       0x1b /home/evanosky/workspace/kubos-core/bin/native/core.a(msg.o)
                0x000000000804db72                msg_receive
 .text._msg_receive
                0x000000000804db8d      0x18f /home/evanosky/workspace/kubos-core/bin/native/core.a(msg.o)
 .text.msg_init_queue
                0x000000000804dd1c       0x4d /home/evanosky/workspace/kubos-core/bin/native/core.a(msg.o)
                0x000000000804dd1c                msg_init_queue
 .text          0x000000000804dd69        0x0 /home/evanosky/workspace/kubos-core/bin/native/posix.a(posix_io.o)
 .text._posix_fileop
                0x000000000804dd69       0x39 /home/evanosky/workspace/kubos-core/bin/native/posix.a(posix_io.o)
 .text._posix_fileop_data
                0x000000000804dda2       0x45 /home/evanosky/workspace/kubos-core/bin/native/posix.a(posix_io.o)
 .text.posix_open
                0x000000000804dde7       0x30 /home/evanosky/workspace/kubos-core/bin/native/posix.a(posix_io.o)
                0x000000000804dde7                posix_open
 .text.posix_close
                0x000000000804de17       0x24 /home/evanosky/workspace/kubos-core/bin/native/posix.a(posix_io.o)
                0x000000000804de17                posix_close
 .text.posix_read
                0x000000000804de3b       0x2a /home/evanosky/workspace/kubos-core/bin/native/posix.a(posix_io.o)
                0x000000000804de3b                posix_read
 .text.posix_write
                0x000000000804de65       0x2a /home/evanosky/workspace/kubos-core/bin/native/posix.a(posix_io.o)
                0x000000000804de65                posix_write
 .text          0x000000000804de8f        0x0 /home/evanosky/workspace/kubos-core/bin/native/shell.a(shell.o)
 .text.find_handler
                0x000000000804de8f       0x65 /home/evanosky/workspace/kubos-core/bin/native/shell.a(shell.o)
 .text.print_help
                0x000000000804def4       0x87 /home/evanosky/workspace/kubos-core/bin/native/shell.a(shell.o)
 .text.handle_input_line
                0x000000000804df7b      0x2dc /home/evanosky/workspace/kubos-core/bin/native/shell.a(shell.o)
 .text.readline
                0x000000000804e257       0xf8 /home/evanosky/workspace/kubos-core/bin/native/shell.a(shell.o)
 .text.print_prompt
                0x000000000804e34f       0x27 /home/evanosky/workspace/kubos-core/bin/native/shell.a(shell.o)
 .text.shell_run
                0x000000000804e376       0x8b /home/evanosky/workspace/kubos-core/bin/native/shell.a(shell.o)
                0x000000000804e376                shell_run
 .text.shell_init
                0x000000000804e401       0x34 /home/evanosky/workspace/kubos-core/bin/native/shell.a(shell.o)
                0x000000000804e401                shell_init
 .text          0x000000000804e435        0x0 /home/evanosky/workspace/kubos-core/bin/native/timex.a(timex.o)
 .text.timex_add
                0x000000000804e435       0x4f /home/evanosky/workspace/kubos-core/bin/native/timex.a(timex.o)
                0x000000000804e435                timex_add
 .text.timex_set
                0x000000000804e484       0x27 /home/evanosky/workspace/kubos-core/bin/native/timex.a(timex.o)
                0x000000000804e484                timex_set
 .text.timex_sub
                0x000000000804e4ab       0x63 /home/evanosky/workspace/kubos-core/bin/native/timex.a(timex.o)
                0x000000000804e4ab                timex_sub
 .text.timex_cmp
                0x000000000804e50e       0x47 /home/evanosky/workspace/kubos-core/bin/native/timex.a(timex.o)
                0x000000000804e50e                timex_cmp
 .text          0x000000000804e555        0x0 /home/evanosky/workspace/kubos-core/bin/native/uart0.a(uart0.o)
 .text.ringbuffer_init
                0x000000000804e555       0x2a /home/evanosky/workspace/kubos-core/bin/native/uart0.a(uart0.o)
 .text.board_uart0_init
                0x000000000804e57f       0x86 /home/evanosky/workspace/kubos-core/bin/native/uart0.a(uart0.o)
                0x000000000804e57f                board_uart0_init
 .text.uart0_handle_incoming
                0x000000000804e605       0x1e /home/evanosky/workspace/kubos-core/bin/native/uart0.a(uart0.o)
                0x000000000804e605                uart0_handle_incoming
 .text.uart0_notify_thread
                0x000000000804e623       0x25 /home/evanosky/workspace/kubos-core/bin/native/uart0.a(uart0.o)
                0x000000000804e623                uart0_notify_thread
 .text.uart0_readc
                0x000000000804e648       0x32 /home/evanosky/workspace/kubos-core/bin/native/uart0.a(uart0.o)
                0x000000000804e648                uart0_readc
 .text.uart0_putc
                0x000000000804e67a       0x13 /home/evanosky/workspace/kubos-core/bin/native/uart0.a(uart0.o)
                0x000000000804e67a                uart0_putc
 .text          0x000000000804e68d        0x0 /home/evanosky/workspace/kubos-core/bin/native/core.a(ringbuffer.o)
 .text.ringbuffer_empty
                0x000000000804e68d       0x13 /home/evanosky/workspace/kubos-core/bin/native/core.a(ringbuffer.o)
 .text.ringbuffer_full
                0x000000000804e6a0       0x19 /home/evanosky/workspace/kubos-core/bin/native/core.a(ringbuffer.o)
 .text.add_tail
                0x000000000804e6b9       0x51 /home/evanosky/workspace/kubos-core/bin/native/core.a(ringbuffer.o)
 .text.get_head
                0x000000000804e70a       0x61 /home/evanosky/workspace/kubos-core/bin/native/core.a(ringbuffer.o)
 .text.ringbuffer_add
                0x000000000804e76b       0x4e /home/evanosky/workspace/kubos-core/bin/native/core.a(ringbuffer.o)
                0x000000000804e76b                ringbuffer_add
 .text.ringbuffer_add_one
                0x000000000804e7b9       0x4b /home/evanosky/workspace/kubos-core/bin/native/core.a(ringbuffer.o)
                0x000000000804e7b9                ringbuffer_add_one
 .text.ringbuffer_get_one
                0x000000000804e804       0x2c /home/evanosky/workspace/kubos-core/bin/native/core.a(ringbuffer.o)
                0x000000000804e804                ringbuffer_get_one
 .text.ringbuffer_get
                0x000000000804e830       0xf8 /home/evanosky/workspace/kubos-core/bin/native/core.a(ringbuffer.o)
                0x000000000804e830                ringbuffer_get
 .text.ringbuffer_remove
                0x000000000804e928       0x7a /home/evanosky/workspace/kubos-core/bin/native/core.a(ringbuffer.o)
                0x000000000804e928                ringbuffer_remove
 .text.ringbuffer_peek_one
                0x000000000804e9a2       0x2d /home/evanosky/workspace/kubos-core/bin/native/core.a(ringbuffer.o)
                0x000000000804e9a2                ringbuffer_peek_one
 .text.ringbuffer_peek
                0x000000000804e9cf       0x3b /home/evanosky/workspace/kubos-core/bin/native/core.a(ringbuffer.o)
                0x000000000804e9cf                ringbuffer_peek
 .text          0x000000000804ea0a        0x0 /home/evanosky/workspace/kubos-core/bin/native/sys.a(chardev_thread.o)
 .text.msg_sent_by_int
                0x000000000804ea0a       0x15 /home/evanosky/workspace/kubos-core/bin/native/sys.a(chardev_thread.o)
 .text.min      0x000000000804ea1f       0x15 /home/evanosky/workspace/kubos-core/bin/native/sys.a(chardev_thread.o)
 .text.chardev_loop
                0x000000000804ea34      0x1b6 /home/evanosky/workspace/kubos-core/bin/native/sys.a(chardev_thread.o)
                0x000000000804ea34                chardev_loop
 .text.chardev_thread_entry
                0x000000000804ebea       0x1e /home/evanosky/workspace/kubos-core/bin/native/sys.a(chardev_thread.o)
                0x000000000804ebea                chardev_thread_entry
 *fill*         0x000000000804ec08        0x8 
 .text          0x000000000804ec10       0x72 /usr/lib32/libc_nonshared.a(elf-init.oS)
                0x000000000804ec10                __libc_csu_init
                0x000000000804ec80                __libc_csu_fini
 .text          0x000000000804ec82        0x0 /usr/lib/gcc/x86_64-linux-gnu/4.8/32/crtend.o
 .text          0x000000000804ec82        0x0 /usr/lib/gcc/x86_64-linux-gnu/4.8/../../../../lib32/crtn.o
 *(.gnu.warning)

.fini           0x000000000804ec84       0x14
 *(SORT(.fini))
 .fini          0x000000000804ec84        0xf /usr/lib/gcc/x86_64-linux-gnu/4.8/../../../../lib32/crti.o
                0x000000000804ec84                _fini
 .fini          0x000000000804ec93        0x5 /usr/lib/gcc/x86_64-linux-gnu/4.8/../../../../lib32/crtn.o
                0x000000000804ec98                PROVIDE (__etext, .)
                0x000000000804ec98                PROVIDE (_etext, .)
                0x000000000804ec98                PROVIDE (etext, .)

.rodata         0x000000000804ec98     0x129a
 *(.rodata .rodata.* .gnu.linkonce.r.*)
 .rodata        0x000000000804ec98        0x4 /usr/lib/gcc/x86_64-linux-gnu/4.8/../../../../lib32/crt1.o
                0x000000000804ec98                _fp_hw
 .rodata.cst4   0x000000000804ec9c        0x4 /usr/lib/gcc/x86_64-linux-gnu/4.8/../../../../lib32/crt1.o
                0x000000000804ec9c                _IO_stdin_used
 .rodata        0x000000000804eca0      0x543 /home/evanosky/workspace/kubos-core/bin/native/cpu/startup.o
 *fill*         0x000000000804f1e3        0x1 
 .rodata        0x000000000804f1e4       0x8a /home/evanosky/workspace/kubos-core/bin/native/core.a(kernel_init.o)
 .rodata        0x000000000804f26e       0x11 /home/evanosky/workspace/kubos-core/bin/native/core.a(hwtimer.o)
 *fill*         0x000000000804f27f        0x1 
 .rodata        0x000000000804f280      0x39c /home/evanosky/workspace/kubos-core/bin/native/cpu.a(irq_cpu.o)
 .rodata        0x000000000804f61c       0x9c /home/evanosky/workspace/kubos-core/bin/native/cpu.a(lpm_cpu.o)
 .rodata.lpm_set
                0x000000000804f6b8       0x14 /home/evanosky/workspace/kubos-core/bin/native/cpu.a(lpm_cpu.o)
 .rodata        0x000000000804f6cc      0x1b1 /home/evanosky/workspace/kubos-core/bin/native/cpu.a(native_cpu.o)
 *fill*         0x000000000804f87d        0x3 
 .rodata        0x000000000804f880      0x177 /home/evanosky/workspace/kubos-core/bin/native/cpu.a(syscalls.o)
 .rodata        0x000000000804f9f7       0x2f /home/evanosky/workspace/kubos-core/bin/native/periph.a(timer.o)
 *fill*         0x000000000804fa26        0x2 
 .rodata.us_per_s.3155
                0x000000000804fa28        0x4 /home/evanosky/workspace/kubos-core/bin/native/vtimer.a(vtimer.o)
 .rodata        0x000000000804fa2c      0x35f /home/evanosky/workspace/kubos-core/bin/native/native_base.a(native-uart0.o)
 *fill*         0x000000000804fd8b        0x1 
 .rodata        0x000000000804fd8c       0x1f /home/evanosky/workspace/kubos-core/bin/native/native_base.a(board_init.o)
 .rodata        0x000000000804fdab       0x52 /home/evanosky/workspace/kubos-core/bin/native/native_base.a(native-led.o)
 *fill*         0x000000000804fdfd        0x3 
 .rodata        0x000000000804fe00       0x68 /home/evanosky/workspace/kubos-core/bin/native/kubos-core.a(main.o)
 .rodata.shell_commands
                0x000000000804fe68       0x18 /home/evanosky/workspace/kubos-core/bin/native/kubos-core.a(main.o)
                0x000000000804fe68                shell_commands
 .rodata        0x000000000804fe80       0x84 /home/evanosky/workspace/kubos-core/bin/native/shell.a(shell.o)
 .rodata        0x000000000804ff04       0x18 /home/evanosky/workspace/kubos-core/bin/native/uart0.a(uart0.o)
 .rodata        0x000000000804ff1c       0x16 /home/evanosky/workspace/kubos-core/bin/native/sys.a(chardev_thread.o)

.rodata1
 *(.rodata1)

.eh_frame_hdr   0x000000000804ff34      0x73c
 *(.eh_frame_hdr)
 .eh_frame_hdr  0x000000000804ff34      0x73c /home/evanosky/workspace/kubos-core/bin/native/cpu/startup.o

.eh_frame       0x0000000008050670     0x1d3c
 *(.eh_frame)
 .eh_frame      0x0000000008050670       0x3c /usr/lib/gcc/x86_64-linux-gnu/4.8/../../../../lib32/crt1.o
                                         0x40 (size before relaxing)
 .eh_frame      0x00000000080506ac       0xdc /home/evanosky/workspace/kubos-core/bin/native/cpu/startup.o
                                         0xf4 (size before relaxing)
 .eh_frame      0x0000000008050788       0x58 /home/evanosky/workspace/kubos-core/bin/native/core.a(kernel_init.o)
                                         0x70 (size before relaxing)
 .eh_frame      0x00000000080507e0      0x120 /home/evanosky/workspace/kubos-core/bin/native/core.a(thread.o)
                                        0x138 (size before relaxing)
 .eh_frame      0x0000000008050900      0x180 /home/evanosky/workspace/kubos-core/bin/native/core.a(hwtimer.o)
                                        0x198 (size before relaxing)
 .eh_frame      0x0000000008050a80       0x80 /home/evanosky/workspace/kubos-core/bin/native/core.a(lifo.o)
                                         0x98 (size before relaxing)
 .eh_frame      0x0000000008050b00       0xc0 /home/evanosky/workspace/kubos-core/bin/native/core.a(mutex.o)
                                         0xd8 (size before relaxing)
 .eh_frame      0x0000000008050bc0       0x60 /home/evanosky/workspace/kubos-core/bin/native/core.a(priority_queue.o)
                                         0x78 (size before relaxing)
 .eh_frame      0x0000000008050c20       0x7c /home/evanosky/workspace/kubos-core/bin/native/core.a(sched.o)
                                         0x94 (size before relaxing)
 .eh_frame      0x0000000008050c9c       0x20 /home/evanosky/workspace/kubos-core/bin/native/core.a(atomic.o)
                                         0x38 (size before relaxing)
 .eh_frame      0x0000000008050cbc       0x68 /home/evanosky/workspace/kubos-core/bin/native/core.a(bitarithm.o)
                                         0x80 (size before relaxing)
 .eh_frame      0x0000000008050d24       0x40 /home/evanosky/workspace/kubos-core/bin/native/core.a(clist.o)
                                         0x58 (size before relaxing)
 .eh_frame      0x0000000008050d64      0x248 /home/evanosky/workspace/kubos-core/bin/native/cpu.a(irq_cpu.o)
                                        0x260 (size before relaxing)
 .eh_frame      0x0000000008050fac       0xe4 /home/evanosky/workspace/kubos-core/bin/native/cpu.a(lpm_cpu.o)
                                         0xfc (size before relaxing)
 .eh_frame      0x0000000008051090       0xf4 /home/evanosky/workspace/kubos-core/bin/native/cpu.a(native_cpu.o)
                                        0x10c (size before relaxing)
 .eh_frame      0x0000000008051184      0x2fc /home/evanosky/workspace/kubos-core/bin/native/cpu.a(syscalls.o)
                                        0x314 (size before relaxing)
 .eh_frame      0x0000000008051480      0x100 /home/evanosky/workspace/kubos-core/bin/native/hwtimer_compat.a(hwtimer_arch.o)
                                        0x118 (size before relaxing)
 .eh_frame      0x0000000008051580      0x1a4 /home/evanosky/workspace/kubos-core/bin/native/periph.a(timer.o)
                                        0x1bc (size before relaxing)
 .eh_frame      0x0000000008051724      0x2c8 /home/evanosky/workspace/kubos-core/bin/native/vtimer.a(vtimer.o)
                                        0x2e0 (size before relaxing)
 .eh_frame      0x00000000080519ec      0x13c /home/evanosky/workspace/kubos-core/bin/native/native_base.a(native-uart0.o)
                                        0x154 (size before relaxing)
 .eh_frame      0x0000000008051b28       0x20 /home/evanosky/workspace/kubos-core/bin/native/native_base.a(board_init.o)
                                         0x38 (size before relaxing)
 .eh_frame      0x0000000008051b48       0xc0 /home/evanosky/workspace/kubos-core/bin/native/native_base.a(native-led.o)
                                         0xd8 (size before relaxing)
 .eh_frame      0x0000000008051c08       0x3c /home/evanosky/workspace/kubos-core/bin/native/kubos-core.a(main.o)
                                         0x54 (size before relaxing)
 .eh_frame      0x0000000008051c44       0x20 /home/evanosky/workspace/kubos-core/bin/native/auto_init.a(auto_init.o)
                                         0x38 (size before relaxing)
 .eh_frame      0x0000000008051c64      0x228 /home/evanosky/workspace/kubos-core/bin/native/core.a(msg.o)
                                        0x240 (size before relaxing)
 .eh_frame      0x0000000008051e8c       0xc0 /home/evanosky/workspace/kubos-core/bin/native/posix.a(posix_io.o)
                                         0xd8 (size before relaxing)
 .eh_frame      0x0000000008051f4c       0xe8 /home/evanosky/workspace/kubos-core/bin/native/shell.a(shell.o)
                                        0x100 (size before relaxing)
 .eh_frame      0x0000000008052034       0x80 /home/evanosky/workspace/kubos-core/bin/native/timex.a(timex.o)
                                         0x98 (size before relaxing)
 .eh_frame      0x00000000080520b4       0xc0 /home/evanosky/workspace/kubos-core/bin/native/uart0.a(uart0.o)
                                         0xd8 (size before relaxing)
 .eh_frame      0x0000000008052174      0x168 /home/evanosky/workspace/kubos-core/bin/native/core.a(ringbuffer.o)
                                        0x180 (size before relaxing)
 .eh_frame      0x00000000080522dc       0x7c /home/evanosky/workspace/kubos-core/bin/native/sys.a(chardev_thread.o)
                                         0x94 (size before relaxing)
 .eh_frame      0x0000000008052358       0x50 /usr/lib32/libc_nonshared.a(elf-init.oS)
                                         0x7c (size before relaxing)
 .eh_frame      0x00000000080523a8        0x4 /usr/lib/gcc/x86_64-linux-gnu/4.8/32/crtend.o

.gcc_except_table
 *(.gcc_except_table .gcc_except_table.*)

.exception_ranges
 *(.exception_ranges .exception_ranges*)
                0x00000000080523ac                . = (ALIGN (0x1000) - ((0x1000 - .) & 0xfff))
                0x0000000008053efc                . = DATA_SEGMENT_ALIGN (0x1000, 0x1000)

.eh_frame
 *(.eh_frame)

.gcc_except_table
 *(.gcc_except_table .gcc_except_table.*)

.exception_ranges
 *(.exception_ranges .exception_ranges*)

.tdata
 *(.tdata .tdata.* .gnu.linkonce.td.*)

.tbss
 *(.tbss .tbss.* .gnu.linkonce.tb.*)
 *(.tcommon)

.preinit_array  0x0000000008053efc        0x0
                0x0000000008053efc                PROVIDE (__preinit_array_start, .)
 *(.preinit_array)
                0x0000000008053efc                PROVIDE (__preinit_array_end, .)

.init_array     0x0000000008053efc        0x8
                0x0000000008053efc                PROVIDE (__init_array_start, .)
 *(SORT(.init_array.*) SORT(.ctors.*))
 *(.init_array EXCLUDE_FILE(*crtend?.o *crtend.o *crtbegin?.o *crtbegin.o) .ctors)
 .init_array    0x0000000008053efc        0x4 /usr/lib/gcc/x86_64-linux-gnu/4.8/32/crtbegin.o
 .init_array    0x0000000008053f00        0x4 /home/evanosky/workspace/kubos-core/bin/native/cpu/startup.o
                0x0000000008053f04                PROVIDE (__init_array_end, .)

.fini_array     0x0000000008053f04        0x4
                0x0000000008053f04                PROVIDE (__fini_array_start, .)
 *(SORT(.fini_array.*) SORT(.dtors.*))
 *(.fini_array EXCLUDE_FILE(*crtend?.o *crtend.o *crtbegin?.o *crtbegin.o) .dtors)
 .fini_array    0x0000000008053f04        0x4 /usr/lib/gcc/x86_64-linux-gnu/4.8/32/crtbegin.o
                0x0000000008053f08                PROVIDE (__fini_array_end, .)

.ctors
 *crtbegin.o(.ctors)
 *crtbegin?.o(.ctors)
 *(EXCLUDE_FILE(*crtend?.o *crtend.o) .ctors)
 *(SORT(.ctors.*))
 *(.ctors)

.dtors
 *crtbegin.o(.dtors)
 *crtbegin?.o(.dtors)
 *(EXCLUDE_FILE(*crtend?.o *crtend.o) .dtors)
 *(SORT(.dtors.*))
 *(.dtors)

.jcr            0x0000000008053f08        0x4
 *(.jcr)
 .jcr           0x0000000008053f08        0x0 /usr/lib/gcc/x86_64-linux-gnu/4.8/32/crtbegin.o
 .jcr           0x0000000008053f08        0x4 /usr/lib/gcc/x86_64-linux-gnu/4.8/32/crtend.o

.data.rel.ro
 *(.data.rel.ro.local* .gnu.linkonce.d.rel.ro.local.*)
 *(.data.rel.ro .data.rel.ro.* .gnu.linkonce.d.rel.ro.*)

.dynamic        0x0000000008053f0c       0xf0
 *(.dynamic)
 .dynamic       0x0000000008053f0c       0xf0 /usr/lib/gcc/x86_64-linux-gnu/4.8/../../../../lib32/crt1.o
                0x0000000008053f0c                _DYNAMIC

.got            0x0000000008053ffc        0x4
 *(.got)
 .got           0x0000000008053ffc        0x4 /usr/lib/gcc/x86_64-linux-gnu/4.8/../../../../lib32/crt1.o
 *(.igot)
                0x0000000008054ff4                . = DATA_SEGMENT_RELRO_END (., (SIZEOF (.got.plt) >= 0xc)?0xc:0x0)

.got.plt        0x0000000008054000       0x78
 *(.got.plt)
 .got.plt       0x0000000008054000       0x78 /usr/lib/gcc/x86_64-linux-gnu/4.8/../../../../lib32/crt1.o
                0x0000000008054000                _GLOBAL_OFFSET_TABLE_
 *(.igot.plt)
 .igot.plt      0x0000000000000000        0x0 /usr/lib/gcc/x86_64-linux-gnu/4.8/../../../../lib32/crt1.o

.data           0x0000000008054078       0x18
 *(.data .data.* .gnu.linkonce.d.*)
 .data          0x0000000008054078        0x4 /usr/lib/gcc/x86_64-linux-gnu/4.8/../../../../lib32/crt1.o
                0x0000000008054078                data_start
                0x0000000008054078                __data_start
 .data          0x000000000805407c        0x0 /usr/lib/gcc/x86_64-linux-gnu/4.8/../../../../lib32/crti.o
 .data          0x000000000805407c        0x4 /usr/lib/gcc/x86_64-linux-gnu/4.8/32/crtbegin.o
                0x000000000805407c                __dso_handle
 .data          0x0000000008054080        0x0 /home/evanosky/workspace/kubos-core/bin/native/cpu/startup.o
 .data          0x0000000008054080        0x0 /home/evanosky/workspace/kubos-core/bin/native/core.a(kernel_init.o)
 .data.main_name
                0x0000000008054080        0x4 /home/evanosky/workspace/kubos-core/bin/native/core.a(kernel_init.o)
                0x0000000008054080                main_name
 .data.idle_name
                0x0000000008054084        0x4 /home/evanosky/workspace/kubos-core/bin/native/core.a(kernel_init.o)
                0x0000000008054084                idle_name
 .data          0x0000000008054088        0x0 /home/evanosky/workspace/kubos-core/bin/native/core.a(thread.o)
 .data          0x0000000008054088        0x0 /home/evanosky/workspace/kubos-core/bin/native/core.a(hwtimer.o)
 .data          0x0000000008054088        0x0 /home/evanosky/workspace/kubos-core/bin/native/core.a(lifo.o)
 .data          0x0000000008054088        0x0 /home/evanosky/workspace/kubos-core/bin/native/core.a(mutex.o)
 .data          0x0000000008054088        0x0 /home/evanosky/workspace/kubos-core/bin/native/core.a(priority_queue.o)
 .data          0x0000000008054088        0x0 /home/evanosky/workspace/kubos-core/bin/native/core.a(sched.o)
 .data          0x0000000008054088        0x0 /home/evanosky/workspace/kubos-core/bin/native/core.a(atomic.o)
 .data          0x0000000008054088        0x0 /home/evanosky/workspace/kubos-core/bin/native/core.a(bitarithm.o)
 .data          0x0000000008054088        0x0 /home/evanosky/workspace/kubos-core/bin/native/core.a(clist.o)
 .data          0x0000000008054088        0x0 /home/evanosky/workspace/kubos-core/bin/native/cpu.a(irq_cpu.o)
 .data          0x0000000008054088        0x0 /home/evanosky/workspace/kubos-core/bin/native/cpu.a(lpm_cpu.o)
 .data          0x0000000008054088        0x0 /home/evanosky/workspace/kubos-core/bin/native/cpu.a(native_cpu.o)
 .data          0x0000000008054088        0x0 /home/evanosky/workspace/kubos-core/bin/native/cpu.a(syscalls.o)
 .data          0x0000000008054088        0x0 /home/evanosky/workspace/kubos-core/bin/native/cpu.a(tramp.o)
 .data          0x0000000008054088        0x0 /home/evanosky/workspace/kubos-core/bin/native/hwtimer_compat.a(hwtimer_arch.o)
 .data          0x0000000008054088        0x0 /home/evanosky/workspace/kubos-core/bin/native/periph.a(timer.o)
 .data          0x0000000008054088        0x0 /home/evanosky/workspace/kubos-core/bin/native/vtimer.a(vtimer.o)
 .data.hwtimer_id
                0x0000000008054088        0x4 /home/evanosky/workspace/kubos-core/bin/native/vtimer.a(vtimer.o)
 .data          0x000000000805408c        0x0 /home/evanosky/workspace/kubos-core/bin/native/native_base.a(native-uart0.o)
 .data          0x000000000805408c        0x0 /home/evanosky/workspace/kubos-core/bin/native/native_base.a(board_init.o)
 .data          0x000000000805408c        0x0 /home/evanosky/workspace/kubos-core/bin/native/native_base.a(native-led.o)
 .data          0x000000000805408c        0x0 /home/evanosky/workspace/kubos-core/bin/native/kubos-core.a(main.o)
 .data          0x000000000805408c        0x0 /home/evanosky/workspace/kubos-core/bin/native/auto_init.a(auto_init.o)
 .data          0x000000000805408c        0x0 /home/evanosky/workspace/kubos-core/bin/native/core.a(msg.o)
 .data          0x000000000805408c        0x0 /home/evanosky/workspace/kubos-core/bin/native/posix.a(posix_io.o)
 .data          0x000000000805408c        0x0 /home/evanosky/workspace/kubos-core/bin/native/shell.a(shell.o)
 .data.INCORRECT_QUOTING.2584
                0x000000000805408c        0x4 /home/evanosky/workspace/kubos-core/bin/native/shell.a(shell.o)
 .data          0x0000000008054090        0x0 /home/evanosky/workspace/kubos-core/bin/native/timex.a(timex.o)
 .data          0x0000000008054090        0x0 /home/evanosky/workspace/kubos-core/bin/native/uart0.a(uart0.o)
 .data          0x0000000008054090        0x0 /home/evanosky/workspace/kubos-core/bin/native/core.a(ringbuffer.o)
 .data          0x0000000008054090        0x0 /home/evanosky/workspace/kubos-core/bin/native/sys.a(chardev_thread.o)
 .data          0x0000000008054090        0x0 /usr/lib32/libc_nonshared.a(elf-init.oS)
 .data          0x0000000008054090        0x0 /usr/lib/gcc/x86_64-linux-gnu/4.8/32/crtend.o
 .data          0x0000000008054090        0x0 /usr/lib/gcc/x86_64-linux-gnu/4.8/../../../../lib32/crtn.o

.tm_clone_table
                0x0000000008054090        0x0
 .tm_clone_table
                0x0000000008054090        0x0 /usr/lib/gcc/x86_64-linux-gnu/4.8/32/crtbegin.o
 .tm_clone_table
                0x0000000008054090        0x0 /usr/lib/gcc/x86_64-linux-gnu/4.8/32/crtend.o

.data1
 *(.data1)
                0x0000000008054090                _edata = .
                0x0000000008054090                PROVIDE (edata, .)
                0x0000000008054090                . = .
                0x0000000008054090                __bss_start = .

.bss            0x00000000080540a0     0xec20
 *(.dynbss)
 .dynbss        0x0000000000000000        0x0 /usr/lib/gcc/x86_64-linux-gnu/4.8/../../../../lib32/crt1.o
 *(.bss .bss.* .gnu.linkonce.b.*)
 .bss           0x00000000080540a0        0x0 /usr/lib/gcc/x86_64-linux-gnu/4.8/../../../../lib32/crt1.o
 .bss           0x00000000080540a0        0x0 /usr/lib/gcc/x86_64-linux-gnu/4.8/../../../../lib32/crti.o
 .bss           0x00000000080540a0        0x1 /usr/lib/gcc/x86_64-linux-gnu/4.8/32/crtbegin.o
 .bss           0x00000000080540a1        0x0 /home/evanosky/workspace/kubos-core/bin/native/cpu/startup.o
 *fill*         0x00000000080540a1        0x3 
 .bss._native_null_in_pipe
                0x00000000080540a4        0x8 /home/evanosky/workspace/kubos-core/bin/native/cpu/startup.o
                0x00000000080540a4                _native_null_in_pipe
 .bss._native_null_out_file
                0x00000000080540ac        0x4 /home/evanosky/workspace/kubos-core/bin/native/cpu/startup.o
                0x00000000080540ac                _native_null_out_file
 .bss._progname
                0x00000000080540b0        0x4 /home/evanosky/workspace/kubos-core/bin/native/cpu/startup.o
                0x00000000080540b0                _progname
 .bss._native_argv
                0x00000000080540b4        0x4 /home/evanosky/workspace/kubos-core/bin/native/cpu/startup.o
                0x00000000080540b4                _native_argv
 .bss._native_pid
                0x00000000080540b8        0x4 /home/evanosky/workspace/kubos-core/bin/native/cpu/startup.o
                0x00000000080540b8                _native_pid
 .bss._native_id
                0x00000000080540bc        0x4 /home/evanosky/workspace/kubos-core/bin/native/cpu/startup.o
                0x00000000080540bc                _native_id
 .bss._native_rng_seed
                0x00000000080540c0        0x4 /home/evanosky/workspace/kubos-core/bin/native/cpu/startup.o
                0x00000000080540c0                _native_rng_seed
 .bss._native_rng_mode
                0x00000000080540c4        0x4 /home/evanosky/workspace/kubos-core/bin/native/cpu/startup.o
                0x00000000080540c4                _native_rng_mode
 .bss._native_unix_socket_path
                0x00000000080540c8        0x4 /home/evanosky/workspace/kubos-core/bin/native/cpu/startup.o
                0x00000000080540c8                _native_unix_socket_path
 .bss           0x00000000080540cc        0x0 /home/evanosky/workspace/kubos-core/bin/native/core.a(kernel_init.o)
 .bss.lpm_prevent_sleep
                0x00000000080540cc        0x4 /home/evanosky/workspace/kubos-core/bin/native/core.a(kernel_init.o)
                0x00000000080540cc                lpm_prevent_sleep
 *fill*         0x00000000080540d0       0x10 
 .bss.main_stack
                0x00000000080540e0     0x4000 /home/evanosky/workspace/kubos-core/bin/native/core.a(kernel_init.o)
 .bss.idle_stack
                0x00000000080580e0     0x2000 /home/evanosky/workspace/kubos-core/bin/native/core.a(kernel_init.o)
 .bss           0x000000000805a0e0        0x0 /home/evanosky/workspace/kubos-core/bin/native/core.a(thread.o)
 .bss           0x000000000805a0e0        0x0 /home/evanosky/workspace/kubos-core/bin/native/core.a(hwtimer.o)
 .bss.timer     0x000000000805a0e0        0x8 /home/evanosky/workspace/kubos-core/bin/native/core.a(hwtimer.o)
 .bss.lifo      0x000000000805a0e8        0x8 /home/evanosky/workspace/kubos-core/bin/native/core.a(hwtimer.o)
 .bss           0x000000000805a0f0        0x0 /home/evanosky/workspace/kubos-core/bin/native/core.a(lifo.o)
 .bss           0x000000000805a0f0        0x0 /home/evanosky/workspace/kubos-core/bin/native/core.a(mutex.o)
 .bss           0x000000000805a0f0        0x0 /home/evanosky/workspace/kubos-core/bin/native/core.a(priority_queue.o)
 .bss           0x000000000805a0f0        0x0 /home/evanosky/workspace/kubos-core/bin/native/core.a(sched.o)
 .bss.sched_num_threads
                0x000000000805a0f0        0x4 /home/evanosky/workspace/kubos-core/bin/native/core.a(sched.o)
                0x000000000805a0f0                sched_num_threads
 .bss.sched_context_switch_request
                0x000000000805a0f4        0x4 /home/evanosky/workspace/kubos-core/bin/native/core.a(sched.o)
                0x000000000805a0f4                sched_context_switch_request
 *fill*         0x000000000805a0f8        0x8 
 .bss.sched_threads
                0x000000000805a100       0x84 /home/evanosky/workspace/kubos-core/bin/native/core.a(sched.o)
                0x000000000805a100                sched_threads
 .bss.sched_active_thread
                0x000000000805a184        0x4 /home/evanosky/workspace/kubos-core/bin/native/core.a(sched.o)
                0x000000000805a184                sched_active_thread
 .bss.sched_active_pid
                0x000000000805a188        0x2 /home/evanosky/workspace/kubos-core/bin/native/core.a(sched.o)
                0x000000000805a188                sched_active_pid
 *fill*         0x000000000805a18a       0x16 
 .bss.sched_runqueues
                0x000000000805a1a0       0x40 /home/evanosky/workspace/kubos-core/bin/native/core.a(sched.o)
                0x000000000805a1a0                sched_runqueues
 .bss.runqueue_bitcache
                0x000000000805a1e0        0x4 /home/evanosky/workspace/kubos-core/bin/native/core.a(sched.o)
 .bss           0x000000000805a1e4        0x0 /home/evanosky/workspace/kubos-core/bin/native/core.a(atomic.o)
 .bss           0x000000000805a1e4        0x0 /home/evanosky/workspace/kubos-core/bin/native/core.a(bitarithm.o)
 .bss           0x000000000805a1e4        0x0 /home/evanosky/workspace/kubos-core/bin/native/core.a(clist.o)
 .bss           0x000000000805a1e4        0x0 /home/evanosky/workspace/kubos-core/bin/native/cpu.a(irq_cpu.o)
 .bss.native_interrupts_enabled
                0x000000000805a1e4        0x4 /home/evanosky/workspace/kubos-core/bin/native/cpu.a(irq_cpu.o)
                0x000000000805a1e4                native_interrupts_enabled
 .bss._native_in_isr
                0x000000000805a1e8        0x4 /home/evanosky/workspace/kubos-core/bin/native/cpu.a(irq_cpu.o)
                0x000000000805a1e8                _native_in_isr
 .bss._native_in_syscall
                0x000000000805a1ec        0x4 /home/evanosky/workspace/kubos-core/bin/native/cpu.a(irq_cpu.o)
                0x000000000805a1ec                _native_in_syscall
 *fill*         0x000000000805a1f0       0x10 
 .bss._native_sig_set
                0x000000000805a200       0x80 /home/evanosky/workspace/kubos-core/bin/native/cpu.a(irq_cpu.o)
 .bss._native_sig_set_dint
                0x000000000805a280       0x80 /home/evanosky/workspace/kubos-core/bin/native/cpu.a(irq_cpu.o)
 .bss.__isr_stack
                0x000000000805a300     0x2000 /home/evanosky/workspace/kubos-core/bin/native/cpu.a(irq_cpu.o)
                0x000000000805a300                __isr_stack
 .bss.native_isr_context
                0x000000000805c300      0x15c /home/evanosky/workspace/kubos-core/bin/native/cpu.a(irq_cpu.o)
                0x000000000805c300                native_isr_context
 .bss._native_cur_ctx
                0x000000000805c45c        0x4 /home/evanosky/workspace/kubos-core/bin/native/cpu.a(irq_cpu.o)
                0x000000000805c45c                _native_cur_ctx
 .bss._native_isr_ctx
                0x000000000805c460        0x4 /home/evanosky/workspace/kubos-core/bin/native/cpu.a(irq_cpu.o)
                0x000000000805c460                _native_isr_ctx
 .bss._native_saved_eip
                0x000000000805c464        0x4 /home/evanosky/workspace/kubos-core/bin/native/cpu.a(irq_cpu.o)
                0x000000000805c464                _native_saved_eip
 .bss._native_sigpend
                0x000000000805c468        0x4 /home/evanosky/workspace/kubos-core/bin/native/cpu.a(irq_cpu.o)
                0x000000000805c468                _native_sigpend
 .bss._sig_pipefd
                0x000000000805c46c        0x8 /home/evanosky/workspace/kubos-core/bin/native/cpu.a(irq_cpu.o)
                0x000000000805c46c                _sig_pipefd
 *fill*         0x000000000805c474        0xc 
 .bss.native_irq_handlers
                0x000000000805c480      0x3fc /home/evanosky/workspace/kubos-core/bin/native/cpu.a(irq_cpu.o)
 *fill*         0x000000000805c87c        0x4 
 .bss.sigalt_stk
                0x000000000805c880     0x2000 /home/evanosky/workspace/kubos-core/bin/native/cpu.a(irq_cpu.o)
                0x000000000805c880                sigalt_stk
 .bss.sigstk.4977
                0x000000000805e880        0xc /home/evanosky/workspace/kubos-core/bin/native/cpu.a(irq_cpu.o)
 .bss           0x000000000805e88c        0x0 /home/evanosky/workspace/kubos-core/bin/native/cpu.a(lpm_cpu.o)
 .bss.native_lpm
                0x000000000805e88c        0x4 /home/evanosky/workspace/kubos-core/bin/native/cpu.a(lpm_cpu.o)
 .bss           0x000000000805e890        0x0 /home/evanosky/workspace/kubos-core/bin/native/cpu.a(native_cpu.o)
 *fill*         0x000000000805e890       0x10 
 .bss.end_context
                0x000000000805e8a0      0x15c /home/evanosky/workspace/kubos-core/bin/native/cpu.a(native_cpu.o)
                0x000000000805e8a0                end_context
 *fill*         0x000000000805e9fc        0x4 
 .bss.__end_stack
                0x000000000805ea00     0x2000 /home/evanosky/workspace/kubos-core/bin/native/cpu.a(native_cpu.o)
                0x000000000805ea00                __end_stack
 .bss._native_rfds
                0x0000000008060a00       0x80 /home/evanosky/workspace/kubos-core/bin/native/cpu.a(native_cpu.o)
                0x0000000008060a00                _native_rfds
 .bss           0x0000000008060a80        0x0 /home/evanosky/workspace/kubos-core/bin/native/cpu.a(syscalls.o)
 .bss.real_read
                0x0000000008060a80        0x4 /home/evanosky/workspace/kubos-core/bin/native/cpu.a(syscalls.o)
                0x0000000008060a80                real_read
 .bss.real_write
                0x0000000008060a84        0x4 /home/evanosky/workspace/kubos-core/bin/native/cpu.a(syscalls.o)
                0x0000000008060a84                real_write
 .bss.real_fread
                0x0000000008060a88        0x4 /home/evanosky/workspace/kubos-core/bin/native/cpu.a(syscalls.o)
                0x0000000008060a88                real_fread
 .bss.real_clearerr
                0x0000000008060a8c        0x4 /home/evanosky/workspace/kubos-core/bin/native/cpu.a(syscalls.o)
                0x0000000008060a8c                real_clearerr
 .bss.real_exit
                0x0000000008060a90        0x4 /home/evanosky/workspace/kubos-core/bin/native/cpu.a(syscalls.o)
                0x0000000008060a90                real_exit
 .bss.real_free
                0x0000000008060a94        0x4 /home/evanosky/workspace/kubos-core/bin/native/cpu.a(syscalls.o)
                0x0000000008060a94                real_free
 .bss.real_malloc
                0x0000000008060a98        0x4 /home/evanosky/workspace/kubos-core/bin/native/cpu.a(syscalls.o)
                0x0000000008060a98                real_malloc
 .bss.real_calloc